Archive member included to satisfy reference by file (symbol)

c:/nxp/mcuxpressoide_11.7.0_9198/ide/plugins/com.nxp.mcuxpresso.tools.win32_11.7.0.202209140929/tools/bin/../lib/gcc/arm-none-eabi/10.3.1/../../../../arm-none-eabi/lib/thumb/v6-m/nofp\libcr_nohost_nf.a(_cr__main.o)
                              ./startup/startup_mkl25z4.o (__main)
c:/nxp/mcuxpressoide_11.7.0_9198/ide/plugins/com.nxp.mcuxpresso.tools.win32_11.7.0.202209140929/tools/bin/../lib/gcc/arm-none-eabi/10.3.1/../../../../arm-none-eabi/lib/thumb/v6-m/nofp\libcr_c.a(memcpy.o)
                              ./drivers/fsl_flash.o (memcpy)
c:/nxp/mcuxpressoide_11.7.0_9198/ide/plugins/com.nxp.mcuxpresso.tools.win32_11.7.0.202209140929/tools/bin/../lib/gcc/arm-none-eabi/10.3.1/../../../../arm-none-eabi/lib/thumb/v6-m/nofp\libcr_c.a(memset.o)
                              ./source/TFC/TFC_Terminal.o (memset)
c:/nxp/mcuxpressoide_11.7.0_9198/ide/plugins/com.nxp.mcuxpresso.tools.win32_11.7.0.202209140929/tools/bin/../lib/gcc/arm-none-eabi/10.3.1/../../../../arm-none-eabi/lib/thumb/v6-m/nofp\libcr_c.a(alloc.o)
                              ./source/pid.o (malloc)
c:/nxp/mcuxpressoide_11.7.0_9198/ide/plugins/com.nxp.mcuxpresso.tools.win32_11.7.0.202209140929/tools/bin/../lib/gcc/arm-none-eabi/10.3.1/../../../../arm-none-eabi/lib/thumb/v6-m/nofp\libcr_c.a(fabs.o)
                              ./source/pid.o (fabs)
c:/nxp/mcuxpressoide_11.7.0_9198/ide/plugins/com.nxp.mcuxpresso.tools.win32_11.7.0.202209140929/tools/bin/../lib/gcc/arm-none-eabi/10.3.1/../../../../arm-none-eabi/lib/thumb/v6-m/nofp\libcr_c.a(initio.o)
                              c:/nxp/mcuxpressoide_11.7.0_9198/ide/plugins/com.nxp.mcuxpresso.tools.win32_11.7.0.202209140929/tools/bin/../lib/gcc/arm-none-eabi/10.3.1/../../../../arm-none-eabi/lib/thumb/v6-m/nofp\libcr_nohost_nf.a(_cr__main.o) (_initio)
c:/nxp/mcuxpressoide_11.7.0_9198/ide/plugins/com.nxp.mcuxpresso.tools.win32_11.7.0.202209140929/tools/bin/../lib/gcc/arm-none-eabi/10.3.1/../../../../arm-none-eabi/lib/thumb/v6-m/nofp\libcr_c.a(printf.o)
                              ./source/TFC/TFC_Queue.o (_vsprintf)
c:/nxp/mcuxpressoide_11.7.0_9198/ide/plugins/com.nxp.mcuxpresso.tools.win32_11.7.0.202209140929/tools/bin/../lib/gcc/arm-none-eabi/10.3.1/../../../../arm-none-eabi/lib/thumb/v6-m/nofp\libcr_c.a(scanf.o)
                              ./source/TFC/TFC_Terminal.o (sscanf)
c:/nxp/mcuxpressoide_11.7.0_9198/ide/plugins/com.nxp.mcuxpresso.tools.win32_11.7.0.202209140929/tools/bin/../lib/gcc/arm-none-eabi/10.3.1/../../../../arm-none-eabi/lib/thumb/v6-m/nofp\libcr_c.a(setvbuf.o)
                              c:/nxp/mcuxpressoide_11.7.0_9198/ide/plugins/com.nxp.mcuxpresso.tools.win32_11.7.0.202209140929/tools/bin/../lib/gcc/arm-none-eabi/10.3.1/../../../../arm-none-eabi/lib/thumb/v6-m/nofp\libcr_c.a(initio.o) (setvbuf)
c:/nxp/mcuxpressoide_11.7.0_9198/ide/plugins/com.nxp.mcuxpresso.tools.win32_11.7.0.202209140929/tools/bin/../lib/gcc/arm-none-eabi/10.3.1/../../../../arm-none-eabi/lib/thumb/v6-m/nofp\libcr_c.a(strcmp.o)
                              ./source/TFC/TFC_Terminal.o (strcmp)
c:/nxp/mcuxpressoide_11.7.0_9198/ide/plugins/com.nxp.mcuxpresso.tools.win32_11.7.0.202209140929/tools/bin/../lib/gcc/arm-none-eabi/10.3.1/../../../../arm-none-eabi/lib/thumb/v6-m/nofp\libcr_c.a(strcpy.o)
                              ./source/TFC/TFC_Terminal.o (strcpy)
c:/nxp/mcuxpressoide_11.7.0_9198/ide/plugins/com.nxp.mcuxpresso.tools.win32_11.7.0.202209140929/tools/bin/../lib/gcc/arm-none-eabi/10.3.1/../../../../arm-none-eabi/lib/thumb/v6-m/nofp\libcr_c.a(strlen.o)
                              ./utilities/fsl_debug_console.o (strlen)
c:/nxp/mcuxpressoide_11.7.0_9198/ide/plugins/com.nxp.mcuxpresso.tools.win32_11.7.0.202209140929/tools/bin/../lib/gcc/arm-none-eabi/10.3.1/../../../../arm-none-eabi/lib/thumb/v6-m/nofp\libcr_c.a(ungetc.o)
                              c:/nxp/mcuxpressoide_11.7.0_9198/ide/plugins/com.nxp.mcuxpresso.tools.win32_11.7.0.202209140929/tools/bin/../lib/gcc/arm-none-eabi/10.3.1/../../../../arm-none-eabi/lib/thumb/v6-m/nofp\libcr_c.a(scanf.o) (ungetc)
c:/nxp/mcuxpressoide_11.7.0_9198/ide/plugins/com.nxp.mcuxpresso.tools.win32_11.7.0.202209140929/tools/bin/../lib/gcc/arm-none-eabi/10.3.1/../../../../arm-none-eabi/lib/thumb/v6-m/nofp\libcr_c.a(__fillbuf.o)
                              c:/nxp/mcuxpressoide_11.7.0_9198/ide/plugins/com.nxp.mcuxpresso.tools.win32_11.7.0.202209140929/tools/bin/../lib/gcc/arm-none-eabi/10.3.1/../../../../arm-none-eabi/lib/thumb/v6-m/nofp\libcr_c.a(scanf.o) (__filbuf)
c:/nxp/mcuxpressoide_11.7.0_9198/ide/plugins/com.nxp.mcuxpresso.tools.win32_11.7.0.202209140929/tools/bin/../lib/gcc/arm-none-eabi/10.3.1/../../../../arm-none-eabi/lib/thumb/v6-m/nofp\libcr_c.a(__init_alloc.o)
[...]
Memory Configuration

Name             Origin             Length             Attributes
PROGRAM_FLASH    0x00000000         0x00020000         xr
SRAM             0x1ffff000         0x00004000         xrw
*default*        0x00000000         0xffffffff

Linker script and memory map

LOAD ./utilities/fsl_debug_console.o
LOAD ./startup/startup_mkl25z4.o
LOAD ./source/TFC/TFC.o
LOAD ./source/TFC/TFC_ADC.o
LOAD ./source/TFC/TFC_ARM_SysTick.o
LOAD ./source/TFC/TFC_BoardSupport.o
LOAD ./source/TFC/TFC_CrystalClock.o
LOAD ./source/TFC/TFC_LineScanCamera.o
LOAD ./source/TFC/TFC_Motor.o
LOAD ./source/TFC/TFC_Queue.o
LOAD ./source/TFC/TFC_Servo.o
LOAD ./source/TFC/TFC_Terminal.o
LOAD ./source/TFC/TFC_UART.o
LOAD ./source/TFC/TFC_arm_cm0.o
LOAD ./source/Ported_TFC_A.o
LOAD ./source/mtb.o
LOAD ./source/pid.o
LOAD ./source/semihost_hardfault.o
LOAD ./source/tpm.o
LOAD ./drivers/fsl_clock.o
LOAD ./drivers/fsl_common.o
LOAD ./drivers/fsl_flash.o
LOAD ./drivers/fsl_gpio.o
LOAD ./drivers/fsl_lpsci.o
LOAD ./drivers/fsl_smc.o
LOAD ./drivers/fsl_uart.o
LOAD ./board/board.o
LOAD ./board/clock_config.o
LOAD ./board/peripherals.o
LOAD ./board/pin_mux.o
LOAD ./CMSIS/system_MKL25Z4.o
START GROUP
LOAD c:/nxp/mcuxpressoide_11.7.0_9198/ide/plugins/com.nxp.mcuxpresso.tools.win32_11.7.0.202209140929/tools/bin/../lib/gcc/arm-none-eabi/10.3.1/../../../../arm-none-eabi/lib/thumb/v6-m/nofp\libcr_nohost_nf.a
LOAD c:/nxp/mcuxpressoide_11.7.0_9198/ide/plugins/com.nxp.mcuxpresso.tools.win32_11.7.0.202209140929/tools/bin/../lib/gcc/arm-none-eabi/10.3.1/../../../../arm-none-eabi/lib/thumb/v6-m/nofp\libcr_c.a
LOAD c:/nxp/mcuxpressoide_11.7.0_9198/ide/plugins/com.nxp.mcuxpresso.tools.win32_11.7.0.202209140929/tools/bin/../lib/gcc/arm-none-eabi/10.3.1/thumb/v6-m/nofp\libcr_eabihelpers.a
LOAD c:/nxp/mcuxpressoide_11.7.0_9198/ide/plugins/com.nxp.mcuxpresso.tools.win32_11.7.0.202209140929/tools/bin/../lib/gcc/arm-none-eabi/10.3.1/thumb/v6-m/nofp\libgcc.a
END GROUP
                0x00000000                __base_PROGRAM_FLASH = 0x0
                0x00000000                __base_Flash = 0x0
                0x00020000                __top_PROGRAM_FLASH = 0x20000
                0x00020000                __top_Flash = 0x20000
                0x1ffff000                __base_SRAM = 0x1ffff000
                0x1ffff000                __base_RAM = 0x1ffff000
                0x20003000                __top_SRAM = 0x20003000
                0x20003000                __top_RAM = 0x20003000

.text           0x00000000     0x64cc
 FILL mask 0xff
                0x00000000                __vectors_start__ = ABSOLUTE (.)
 *(SORT_BY_ALIGNMENT(.isr_vector))
 .isr_vector    0x00000000       0xc0 ./startup/startup_mkl25z4.o
                0x00000000                g_pfnVectors
                0x00000000                __Vectors
                0x000000c0                . = ALIGN (0x4)
                0x000000c0                __section_table_start = .
                0x000000c0                __data_section_table = .
                0x000000c0        0x4 LONG 0x64cc LOADADDR (.data)
                0x000000c4        0x4 LONG 0x1ffff080 ADDR (.data)
                0x000000c8        0x4 LONG 0x50 SIZEOF (.data)
                0x000000cc                __data_section_table_end = .
                0x000000cc                __bss_section_table = .
                0x000000cc        0x4 LONG 0x1ffff0d0 ADDR (.bss)
                0x000000d0        0x4 LONG 0xf80 SIZEOF (.bss)
                0x000000d4                __bss_section_table_end = .
                0x000000d4                __section_table_end = .
 *(SORT_BY_ALIGNMENT(.after_vectors*))
 .after_vectors.reset
                0x000000d4       0x4c ./startup/startup_mkl25z4.o
                0x000000d4                ResetISR
 .after_vectors.init_data
                0x00000120       0x12 ./startup/startup_mkl25z4.o
                0x00000120                data_init
 .after_vectors.init_bss
                0x00000132       0x10 ./startup/startup_mkl25z4.o
                0x00000132                bss_init
 .after_vectors
                0x00000142      0x10c ./startup/startup_mkl25z4.o
                0x00000142                NMI_Handler
                0x00000146                SVC_Handler
                0x00000148                PendSV_Handler
                0x0000014c                SPI1_DriverIRQHandler
                0x0000014c                LPTMR0_DriverIRQHandler
                0x0000014c                DMA0_DriverIRQHandler
                0x0000014c                I2C0_DriverIRQHandler
                0x0000014c                Reserved39_DriverIRQHandler
                0x0000014c                PORTD_DriverIRQHandler
                0x0000014c                DMA2_DriverIRQHandler
                0x0000014c                CMP0_DriverIRQHandler
                0x0000014c                TPM2_DriverIRQHandler
                0x0000014c                ADC0_DriverIRQHandler
                0x0000014c                SPI0_DriverIRQHandler
                0x0000014c                TSI0_DriverIRQHandler
                0x0000014c                RTC_Seconds_DriverIRQHandler
                0x0000014c                I2C1_DriverIRQHandler
                0x0000014c                LLWU_DriverIRQHandler
                0x0000014c                MCG_DriverIRQHandler
                0x0000014c                DMA1_DriverIRQHandler
                0x0000014c                PIT_DriverIRQHandler
                0x0000014c                FTFA_DriverIRQHandler
                0x0000014c                IntDefaultHandler
                0x0000014c                USB0_DriverIRQHandler
                0x0000014c                DAC0_DriverIRQHandler
                0x0000014c                RTC_DriverIRQHandler
                0x0000014c                LVD_LVW_DriverIRQHandler
                0x0000014c                TPM0_DriverIRQHandler
                0x0000014c                TPM1_DriverIRQHandler
                0x0000014c                PORTA_DriverIRQHandler
                0x0000014c                Reserved20_DriverIRQHandler
                0x0000014c                DMA3_DriverIRQHandler
                0x0000014c                Reserved45_DriverIRQHandler
                0x0000014e                DMA0_IRQHandler
                0x00000156                DMA1_IRQHandler
                0x0000015e                DMA2_IRQHandler
                0x00000166                DMA3_IRQHandler
                0x0000016e                Reserved20_IRQHandler
                0x00000176                FTFA_IRQHandler
                0x0000017e                LVD_LVW_IRQHandler
                0x00000186                LLWU_IRQHandler
                0x0000018e                I2C0_IRQHandler
                0x00000196                I2C1_IRQHandler
                0x0000019e                SPI0_IRQHandler
                0x000001a6                SPI1_IRQHandler
                0x000001b6                UART1_IRQHandler
                0x000001be                UART2_IRQHandler
                0x000001ce                CMP0_IRQHandler
                0x000001d6                TPM0_IRQHandler
                0x000001e6                TPM2_IRQHandler
                0x000001ee                RTC_IRQHandler
                0x000001f6                RTC_Seconds_IRQHandler
                0x00000206                Reserved39_IRQHandler
                0x0000020e                USB0_IRQHandler
                0x00000216                DAC0_IRQHandler
                0x0000021e                TSI0_IRQHandler
                0x00000226                MCG_IRQHandler
                0x0000022e                LPTMR0_IRQHandler
                0x00000236                Reserved45_IRQHandler
                0x0000023e                PORTA_IRQHandler
                0x00000246                PORTD_IRQHandler
                0x00000400                . = 0x400
 *fill*         0x0000024e      0x1b2 ff
                0x00000400                PROVIDE (__FLASH_CONFIG_START__ = .)
 *(SORT_BY_ALIGNMENT(.FlashConfig))
 .FlashConfig   0x00000400       0x10 ./startup/startup_mkl25z4.o
                0x00000400                Flash_Config
                0x00000410                PROVIDE (__FLASH_CONFIG_END__ = .)
                0x00000001                ASSERT (! ((__FLASH_CONFIG_START__ == __FLASH_CONFIG_END__)), Linker Flash Config Support Enabled, but no .FlashConfig section provided within application)
 *(SORT_BY_ALIGNMENT(.text*))
 .text.TFC_Init
                0x00000410       0x48 ./source/TFC/TFC.o
                0x00000410                TFC_Init
 .text.ADC_Cal  0x00000458      0x170 ./source/TFC/TFC_ADC.o
                0x00000458                ADC_Cal
 .text.InitADC0
                0x000005c8       0x90 ./source/TFC/TFC_ADC.o
                0x000005c8                InitADC0
 .text.TFC_InitADCs
                0x00000658       0x70 ./source/TFC/TFC_ADC.o
                0x00000658                TFC_InitADCs
 .text.PIT_IRQHandler
                0x000006c8       0x44 ./source/TFC/TFC_ADC.o
                0x000006c8                PIT_IRQHandler
 .text.ADC0_IRQHandler
                0x0000070c      0x224 ./source/TFC/TFC_ADC.o
                0x0000070c                ADC0_IRQHandler
 .text.TFC_InitSysTick
                0x00000930       0x4c ./source/TFC/TFC_ARM_SysTick.o
                0x00000930                TFC_InitSysTick
 .text.SysTick_Handler
                0x0000097c       0x64 ./source/TFC/TFC_ARM_SysTick.o
                0x0000097c                SysTick_Handler
 .text.TFC_InitGPIO
                0x000009e0       0xb8 ./source/TFC/TFC_BoardSupport.o
                0x000009e0                TFC_InitGPIO
 .text.TFC_SetBatteryLED_Level
                0x00000a98       0x7c ./source/TFC/TFC_BoardSupport.o
                0x00000a98                TFC_SetBatteryLED_Level
 .text.TFC_InitClock
                0x00000b14       0x24 ./source/TFC/TFC_CrystalClock.o
                0x00000b14                TFC_InitClock
 .text.pll_init
                0x00000b38      0x530 ./source/TFC/TFC_CrystalClock.o
                0x00000b38                pll_init
 .text.TFC_InitLineScanCamera
                0x00001068       0xb8 ./source/TFC/TFC_LineScanCamera.o
                0x00001068                TFC_InitLineScanCamera
 .text.TFC_SetLineScanExposureTime
                0x00001120       0x5c ./source/TFC/TFC_LineScanCamera.o
                0x00001120                TFC_SetLineScanExposureTime
 .text.TFC_InitMotorPWM
                0x0000117c       0xd4 ./source/TFC/TFC_Motor.o
                0x0000117c                TFC_InitMotorPWM
 .text.TFC_SetMotorPWM
                0x00001250      0x120 ./source/TFC/TFC_Motor.o
                0x00001250                TFC_SetMotorPWM
 .text.Qprintf  0x00001370       0x48 ./source/TFC/TFC_Queue.o
                0x00001370                Qprintf
 .text.TFC_SetServo
                0x000013b8       0x80 ./source/TFC/TFC_Servo.o
                0x000013b8                TFC_SetServo
 .text.TFC_SetServoDutyCycle
                0x00001438       0x6c ./source/TFC/TFC_Servo.o
                0x00001438                TFC_SetServoDutyCycle
 .text.TPM1_IRQHandler
                0x000014a4       0x40 ./source/TFC/TFC_Servo.o
                0x000014a4                TPM1_IRQHandler
 .text.TFC_InitServos
                0x000014e4       0xd4 ./source/TFC/TFC_Servo.o
                0x000014e4                TFC_InitServos
 .text.TerminalBootMsg
                0x000015b8       0x70 ./source/TFC/TFC_Terminal.o
                0x000015b8                TerminalBootMsg
 .text.TFC_InitTerminal
                0x00001628       0x24 ./source/TFC/TFC_Terminal.o
                0x00001628                TFC_InitTerminal
 .text.TerminalCmd_Help
                0x0000164c       0x9c ./source/TFC/TFC_Terminal.o
                0x0000164c                TerminalCmd_Help
 .text.TerminalCmd_E
                0x000016e8       0x30 ./source/TFC/TFC_Terminal.o
                0x000016e8                TerminalCmd_E
 .text.TerminalCmd_D
                0x00001718       0x3c ./source/TFC/TFC_Terminal.o
                0x00001718                TerminalCmd_D
 .text.TerminalCmd_GetLineScan
                0x00001754      0x10c ./source/TFC/TFC_Terminal.o
                0x00001754                TerminalCmd_GetLineScan
 .text.TerminalCmd_S
                0x00001860       0xa0 ./source/TFC/TFC_Terminal.o
                0x00001860                TerminalCmd_S
 .text.TerminalCmd_H
                0x00001900       0x9c ./source/TFC/TFC_Terminal.o
                0x00001900                TerminalCmd_H
 .text.TFC_ProcessTerminal
                0x0000199c      0x2bc ./source/TFC/TFC_Terminal.o
                0x0000199c                TFC_ProcessTerminal
 .text.TFC_InitUARTs
                0x00001c58       0xcc ./source/TFC/TFC_UART.o
                0x00001c58                TFC_InitUARTs
 .text.TFC_UART_Process
                0x00001d24       0x3c ./source/TFC/TFC_UART.o
                0x00001d24                TFC_UART_Process
 .text.UART0_IRQHandler
                0x00001d60       0x78 ./source/TFC/TFC_UART.o
                0x00001d60                UART0_IRQHandler
 .text.uart0_init
                0x00001dd8      0x228 ./source/TFC/TFC_UART.o
                0x00001dd8                uart0_init
 .text.enable_irq
                0x00002000       0x6c ./source/TFC/TFC_arm_cm0.o
                0x00002000                enable_irq
 .text.disable_irq
                0x0000206c       0x40 ./source/TFC/TFC_arm_cm0.o
                0x0000206c                disable_irq
 .text.devDelay
                0x000020ac       0x40 ./source/Ported_TFC_A.o
                0x000020ac                devDelay
 .text.go_to_center
                0x000020ec       0x44 ./source/Ported_TFC_A.o
                0x000020ec                go_to_center
 .text.getSteeringErrorBasic
                0x00002130      0x29c ./source/Ported_TFC_A.o
                0x00002130                getSteeringErrorBasic
 .text.main     0x000023cc      0x320 ./source/Ported_TFC_A.o
                0x000023cc                main
 .text.GetPIDOutput
                0x000026ec      0x16c ./source/pid.o
                0x000026ec                GetPIDOutput
 .text.HardFault_Handler
                0x00002858       0x30 ./source/semihost_hardfault.o
                0x00002858                HardFault_Handler
 .text.GetTime  0x00002888      0x13c ./source/tpm.o
                0x00002888                GetTime
 .text.UART0_DriverIRQHandler
                0x000029c4       0x24 ./drivers/fsl_lpsci.o
                0x000029c4                UART0_DriverIRQHandler
 .text.UART1_DriverIRQHandler
                0x000029e8       0x24 ./drivers/fsl_uart.o
                0x000029e8                UART1_DriverIRQHandler
 .text.UART2_DriverIRQHandler
                0x00002a0c       0x24 ./drivers/fsl_uart.o
                0x00002a0c                UART2_DriverIRQHandler
 .text.SystemInit
                0x00002a30       0x18 ./CMSIS/system_MKL25Z4.o
                0x00002a30                SystemInit
 .text.malloc   0x00002a48       0xcc c:/nxp/mcuxpressoide_11.7.0_9198/ide/plugins/com.nxp.mcuxpresso.tools.win32_11.7.0.202209140929/tools/bin/../lib/gcc/arm-none-eabi/10.3.1/../../../../arm-none-eabi/lib/thumb/v6-m/nofp\libcr_c.a(alloc.o)
                0x00002a48                malloc
 .text._Csys_alloc
                0x00002b14       0x20 c:/nxp/mcuxpressoide_11.7.0_9198/ide/plugins/com.nxp.mcuxpresso.tools.win32_11.7.0.202209140929/tools/bin/../lib/gcc/arm-none-eabi/10.3.1/../../../../arm-none-eabi/lib/thumb/v6-m/nofp\libcr_c.a(alloc.o)
                0x00002b14                _Csys_alloc
 .text._initio  0x00002b34       0x7c c:/nxp/mcuxpressoide_11.7.0_9198/ide/plugins/com.nxp.mcuxpresso.tools.win32_11.7.0.202209140929/tools/bin/../lib/gcc/arm-none-eabi/10.3.1/../../../../arm-none-eabi/lib/thumb/v6-m/nofp\libcr_c.a(initio.o)
                0x00002b34                _initio
 .text.__vfprintf
                0x00002bb0      0xd40 c:/nxp/mcuxpressoide_11.7.0_9198/ide/plugins/com.nxp.mcuxpresso.tools.win32_11.7.0.202209140929/tools/bin/../lib/gcc/arm-none-eabi/10.3.1/../../../../arm-none-eabi/lib/thumb/v6-m/nofp\libcr_c.a(printf.o)
                0x00002bb0                __vfprintf
 .text._vsprintf
                0x000038f0       0x60 c:/nxp/mcuxpressoide_11.7.0_9198/ide/plugins/com.nxp.mcuxpresso.tools.win32_11.7.0.202209140929/tools/bin/../lib/gcc/arm-none-eabi/10.3.1/../../../../arm-none-eabi/lib/thumb/v6-m/nofp\libcr_c.a(printf.o)
                0x000038f0                _vsprintf
 .text.ch_val   0x00003950       0x30 c:/nxp/mcuxpressoide_11.7.0_9198/ide/plugins/com.nxp.mcuxpresso.tools.win32_11.7.0.202209140929/tools/bin/../lib/gcc/arm-none-eabi/10.3.1/../../../../arm-none-eabi/lib/thumb/v6-m/nofp\libcr_c.a(scanf.o)
 .text.cr_rd_int
                0x00003980      0x1c8 c:/nxp/mcuxpressoide_11.7.0_9198/ide/plugins/com.nxp.mcuxpresso.tools.win32_11.7.0.202209140929/tools/bin/../lib/gcc/arm-none-eabi/10.3.1/../../../../arm-none-eabi/lib/thumb/v6-m/nofp\libcr_c.a(scanf.o)
 .text.vfscanf  0x00003b48      0x958 c:/nxp/mcuxpressoide_11.7.0_9198/ide/plugins/com.nxp.mcuxpresso.tools.win32_11.7.0.202209140929/tools/bin/../lib/gcc/arm-none-eabi/10.3.1/../../../../arm-none-eabi/lib/thumb/v6-m/nofp\libcr_c.a(scanf.o)
                0x00003b48                vfscanf
 .text.setvbuf  0x000044a0       0x4c c:/nxp/mcuxpressoide_11.7.0_9198/ide/plugins/com.nxp.mcuxpresso.tools.win32_11.7.0.202209140929/tools/bin/../lib/gcc/arm-none-eabi/10.3.1/../../../../arm-none-eabi/lib/thumb/v6-m/nofp\libcr_c.a(setvbuf.o)
                0x000044a0                setvbuf
 .text.strcmp   0x000044ec       0x44 c:/nxp/mcuxpressoide_11.7.0_9198/ide/plugins/com.nxp.mcuxpresso.tools.win32_11.7.0.202209140929/tools/bin/../lib/gcc/arm-none-eabi/10.3.1/../../../../arm-none-eabi/lib/thumb/v6-m/nofp\libcr_c.a(strcmp.o)
                0x000044ec                strcmp
 .text.strcpy   0x00004530       0x44 c:/nxp/mcuxpressoide_11.7.0_9198/ide/plugins/com.nxp.mcuxpresso.tools.win32_11.7.0.202209140929/tools/bin/../lib/gcc/arm-none-eabi/10.3.1/../../../../arm-none-eabi/lib/thumb/v6-m/nofp\libcr_c.a(strcpy.o)
                0x00004530                strcpy
 .text.strlen   0x00004574       0x58 c:/nxp/mcuxpressoide_11.7.0_9198/ide/plugins/com.nxp.mcuxpresso.tools.win32_11.7.0.202209140929/tools/bin/../lib/gcc/arm-none-eabi/10.3.1/../../../../arm-none-eabi/lib/thumb/v6-m/nofp\libcr_c.a(strlen.o)
                0x00004574                strlen
 .text.ungetc   0x000045cc       0x3c c:/nxp/mcuxpressoide_11.7.0_9198/ide/plugins/com.nxp.mcuxpresso.tools.win32_11.7.0.202209140929/tools/bin/../lib/gcc/arm-none-eabi/10.3.1/../../../../arm-none-eabi/lib/thumb/v6-m/nofp\libcr_c.a(ungetc.o)
                0x000045cc                ungetc
 .text.__filbuf
                0x00004608      0x188 c:/nxp/mcuxpressoide_11.7.0_9198/ide/plugins/com.nxp.mcuxpresso.tools.win32_11.7.0.202209140929/tools/bin/../lib/gcc/arm-none-eabi/10.3.1/../../../../arm-none-eabi/lib/thumb/v6-m/nofp\libcr_c.a(__fillbuf.o)
                0x00004608                __filbuf
 .text._sbrk    0x00004790       0x44 c:/nxp/mcuxpressoide_11.7.0_9198/ide/plugins/com.nxp.mcuxpresso.tools.win32_11.7.0.202209140929/tools/bin/../lib/gcc/arm-none-eabi/10.3.1/../../../../arm-none-eabi/lib/thumb/v6-m/nofp\libcr_c.a(_cr_sbrk.o)
                0x00004790                _sbrk
 .text._deferredlazyseek
                0x000047d4       0x40 c:/nxp/mcuxpressoide_11.7.0_9198/ide/plugins/com.nxp.mcuxpresso.tools.win32_11.7.0.202209140929/tools/bin/../lib/gcc/arm-none-eabi/10.3.1/../../../../arm-none-eabi/lib/thumb/v6-m/nofp\libcr_c.a(_deferredlazyseek.o)
                0x000047d4                _deferredlazyseek
 .text.__flsbuf
                0x00004814      0x150 c:/nxp/mcuxpressoide_11.7.0_9198/ide/plugins/com.nxp.mcuxpresso.tools.win32_11.7.0.202209140929/tools/bin/../lib/gcc/arm-none-eabi/10.3.1/../../../../arm-none-eabi/lib/thumb/v6-m/nofp\libcr_c.a(_deferredlazyseek.o)
                0x00004814                __flsbuf
 .text._fdopen  0x00004964       0x74 c:/nxp/mcuxpressoide_11.7.0_9198/ide/plugins/com.nxp.mcuxpresso.tools.win32_11.7.0.202209140929/tools/bin/../lib/gcc/arm-none-eabi/10.3.1/../../../../arm-none-eabi/lib/thumb/v6-m/nofp\libcr_c.a(_fdopen.o)
                0x00004964                _fdopen
 .text._fflush  0x000049d8       0x60 c:/nxp/mcuxpressoide_11.7.0_9198/ide/plugins/com.nxp.mcuxpresso.tools.win32_11.7.0.202209140929/tools/bin/../lib/gcc/arm-none-eabi/10.3.1/../../../../arm-none-eabi/lib/thumb/v6-m/nofp\libcr_c.a(_fflush.o)
                0x000049d8                _fflush
 .text._frexpl  0x00004a38       0x80 c:/nxp/mcuxpressoide_11.7.0_9198/ide/plugins/com.nxp.mcuxpresso.tools.win32_11.7.0.202209140929/tools/bin/../lib/gcc/arm-none-eabi/10.3.1/../../../../arm-none-eabi/lib/thumb/v6-m/nofp\libcr_c.a(_frexpl.o)
                0x00004a38                _frexpl
 .text._ldexpl  0x00004ab8       0x58 c:/nxp/mcuxpressoide_11.7.0_9198/ide/plugins/com.nxp.mcuxpresso.tools.win32_11.7.0.202209140929/tools/bin/../lib/gcc/arm-none-eabi/10.3.1/../../../../arm-none-eabi/lib/thumb/v6-m/nofp\libcr_c.a(_ldexpl.o)
                0x00004ab8                _ldexpl
 .text._Cwritebuf
                0x00004b10       0x68 c:/nxp/mcuxpressoide_11.7.0_9198/ide/plugins/com.nxp.mcuxpresso.tools.win32_11.7.0.202209140929/tools/bin/../lib/gcc/arm-none-eabi/10.3.1/../../../../arm-none-eabi/lib/thumb/v6-m/nofp\libcr_c.a(_writebuf.o)
                0x00004b10                _Cwritebuf
 .text.fclose   0x00004b78       0x5c c:/nxp/mcuxpressoide_11.7.0_9198/ide/plugins/com.nxp.mcuxpresso.tools.win32_11.7.0.202209140929/tools/bin/../lib/gcc/arm-none-eabi/10.3.1/../../../../arm-none-eabi/lib/thumb/v6-m/nofp\libcr_c.a(fclose.o)
                0x00004b78                fclose
 .text.fflush   0x00004bd4       0x44 c:/nxp/mcuxpressoide_11.7.0_9198/ide/plugins/com.nxp.mcuxpresso.tools.win32_11.7.0.202209140929/tools/bin/../lib/gcc/arm-none-eabi/10.3.1/../../../../arm-none-eabi/lib/thumb/v6-m/nofp\libcr_c.a(fflush.o)
                0x00004bd4                fflush
 .text.fseek    0x00004c18       0xf0 c:/nxp/mcuxpressoide_11.7.0_9198/ide/plugins/com.nxp.mcuxpresso.tools.win32_11.7.0.202209140929/tools/bin/../lib/gcc/arm-none-eabi/10.3.1/../../../../arm-none-eabi/lib/thumb/v6-m/nofp\libcr_c.a(fseek.o)
                0x00004c18                fseek
 .text.ftell    0x00004d08       0x48 c:/nxp/mcuxpressoide_11.7.0_9198/ide/plugins/com.nxp.mcuxpresso.tools.win32_11.7.0.202209140929/tools/bin/../lib/gcc/arm-none-eabi/10.3.1/../../../../arm-none-eabi/lib/thumb/v6-m/nofp\libcr_c.a(ftell.o)
                0x00004d08                ftell
 .text.__check_heap_overflow
                0x00004d50       0x18 c:/nxp/mcuxpressoide_11.7.0_9198/ide/plugins/com.nxp.mcuxpresso.tools.win32_11.7.0.202209140929/tools/bin/../lib/gcc/arm-none-eabi/10.3.1/../../../../arm-none-eabi/lib/thumb/v6-m/nofp\libcr_c.a(_cr_check_heap.o)
                0x00004d50                __check_heap_overflow
 .text._do_fflush
                0x00004d68       0x48 c:/nxp/mcuxpressoide_11.7.0_9198/ide/plugins/com.nxp.mcuxpresso.tools.win32_11.7.0.202209140929/tools/bin/../lib/gcc/arm-none-eabi/10.3.1/../../../../arm-none-eabi/lib/thumb/v6-m/nofp\libcr_c.a(_do_fflush.o)
                0x00004d68                _do_fflush
 .text.__aeabi_dmul
                0x00004db0      0x184 c:/nxp/mcuxpressoide_11.7.0_9198/ide/plugins/com.nxp.mcuxpresso.tools.win32_11.7.0.202209140929/tools/bin/../lib/gcc/arm-none-eabi/10.3.1/thumb/v6-m/nofp\libcr_eabihelpers.a(double.o)
                0x00004db0                __aeabi_dmul
 .text.__aeabi_ddiv
                0x00004f34      0x14c c:/nxp/mcuxpressoide_11.7.0_9198/ide/plugins/com.nxp.mcuxpresso.tools.win32_11.7.0.202209140929/tools/bin/../lib/gcc/arm-none-eabi/10.3.1/thumb/v6-m/nofp\libcr_eabihelpers.a(double.o)
                0x00004f34                __aeabi_ddiv
 .text.__aeabi_dsub
                0x00005080      0x1c0 c:/nxp/mcuxpressoide_11.7.0_9198/ide/plugins/com.nxp.mcuxpresso.tools.win32_11.7.0.202209140929/tools/bin/../lib/gcc/arm-none-eabi/10.3.1/thumb/v6-m/nofp\libcr_eabihelpers.a(double.o)
                0x00005080                __aeabi_dsub
 .text.__aeabi_dadd
                0x00005240      0x134 c:/nxp/mcuxpressoide_11.7.0_9198/ide/plugins/com.nxp.mcuxpresso.tools.win32_11.7.0.202209140929/tools/bin/../lib/gcc/arm-none-eabi/10.3.1/thumb/v6-m/nofp\libcr_eabihelpers.a(double.o)
                0x00005240                __aeabi_dadd
 .text.__aeabi_d2f
                0x00005374       0x60 c:/nxp/mcuxpressoide_11.7.0_9198/ide/plugins/com.nxp.mcuxpresso.tools.win32_11.7.0.202209140929/tools/bin/../lib/gcc/arm-none-eabi/10.3.1/thumb/v6-m/nofp\libcr_eabihelpers.a(double.o)
                0x00005374                __aeabi_d2f
 .text.__aeabi_dcmpeq
                0x000053d4       0x30 c:/nxp/mcuxpressoide_11.7.0_9198/ide/plugins/com.nxp.mcuxpresso.tools.win32_11.7.0.202209140929/tools/bin/../lib/gcc/arm-none-eabi/10.3.1/thumb/v6-m/nofp\libcr_eabihelpers.a(double.o)
                0x000053d4                __aeabi_dcmpeq
 .text.__aeabi_dcmplt
                0x00005404       0x60 c:/nxp/mcuxpressoide_11.7.0_9198/ide/plugins/com.nxp.mcuxpresso.tools.win32_11.7.0.202209140929/tools/bin/../lib/gcc/arm-none-eabi/10.3.1/thumb/v6-m/nofp\libcr_eabihelpers.a(double.o)
                0x00005404                __aeabi_dcmplt
 .text.__aeabi_dcmpge
                0x00005464       0x5c c:/nxp/mcuxpressoide_11.7.0_9198/ide/plugins/com.nxp.mcuxpresso.tools.win32_11.7.0.202209140929/tools/bin/../lib/gcc/arm-none-eabi/10.3.1/thumb/v6-m/nofp\libcr_eabihelpers.a(double.o)
                0x00005464                __aeabi_dcmpge
 .text.__aeabi_fmul
                0x000054c0       0xc0 c:/nxp/mcuxpressoide_11.7.0_9198/ide/plugins/com.nxp.mcuxpresso.tools.win32_11.7.0.202209140929/tools/bin/../lib/gcc/arm-none-eabi/10.3.1/thumb/v6-m/nofp\libcr_eabihelpers.a(float.o)
                0x000054c0                __aeabi_fmul
 .text.__aeabi_fdiv
                0x00005580       0xe8 c:/nxp/mcuxpressoide_11.7.0_9198/ide/plugins/com.nxp.mcuxpresso.tools.win32_11.7.0.202209140929/tools/bin/../lib/gcc/arm-none-eabi/10.3.1/thumb/v6-m/nofp\libcr_eabihelpers.a(float.o)
                0x00005580                __aeabi_fdiv
 .text.__aeabi_fsub
                0x00005668      0x128 c:/nxp/mcuxpressoide_11.7.0_9198/ide/plugins/com.nxp.mcuxpresso.tools.win32_11.7.0.202209140929/tools/bin/../lib/gcc/arm-none-eabi/10.3.1/thumb/v6-m/nofp\libcr_eabihelpers.a(float.o)
                0x00005668                __aeabi_fsub
 .text.__aeabi_fadd
                0x00005790       0xac c:/nxp/mcuxpressoide_11.7.0_9198/ide/plugins/com.nxp.mcuxpresso.tools.win32_11.7.0.202209140929/tools/bin/../lib/gcc/arm-none-eabi/10.3.1/thumb/v6-m/nofp\libcr_eabihelpers.a(float.o)
                0x00005790                __aeabi_fadd
 .text.__aeabi_f2d
                0x0000583c       0x40 c:/nxp/mcuxpressoide_11.7.0_9198/ide/plugins/com.nxp.mcuxpresso.tools.win32_11.7.0.202209140929/tools/bin/../lib/gcc/arm-none-eabi/10.3.1/thumb/v6-m/nofp\libcr_eabihelpers.a(float.o)
                0x0000583c                __aeabi_f2d
 .text.TFC_Task
                0x0000587c       0x12 ./source/TFC/TFC.o
                0x0000587c                TFC_Task
 .text.ADC_Config_Alt
                0x0000588e       0x62 ./source/TFC/TFC_ADC.o
                0x0000588e                ADC_Config_Alt
 .text.InitByteQueue
                0x000058f0       0x68 ./source/TFC/TFC_Queue.o
                0x000058f0                InitByteQueue
 .text.BytesInQueue
                0x00005958       0x4e ./source/TFC/TFC_Queue.o
                0x00005958                BytesInQueue
 .text.ByteEnqueue
                0x000059a6       0x60 ./source/TFC/TFC_Queue.o
                0x000059a6                ByteEnqueue
 .text.ByteArrayEnqueue
                0x00005a06       0x50 ./source/TFC/TFC_Queue.o
                0x00005a06                ByteArrayEnqueue
 .text.ByteDequeue
                0x00005a56       0x54 ./source/TFC/TFC_Queue.o
                0x00005a56                ByteDequeue
 .text.ForcedByteDequeue
                0x00005aaa       0x56 ./source/TFC/TFC_Queue.o
                0x00005aaa                ForcedByteDequeue
 .text.InitPID  0x00005b00       0x32 ./source/pid.o
                0x00005b00                InitPID
 .text.SetPIDSetpoint
                0x00005b32       0x20 ./source/pid.o
                0x00005b32                SetPIDSetpoint
 .text.SetPIDLimits
                0x00005b52       0x28 ./source/pid.o
                0x00005b52                SetPIDLimits
 .text.SetPIDGain
                0x00005b7a       0x30 ./source/pid.o
                0x00005b7a                SetPIDGain
 .text.__main   0x00005baa        0xc c:/nxp/mcuxpressoide_11.7.0_9198/ide/plugins/com.nxp.mcuxpresso.tools.win32_11.7.0.202209140929/tools/bin/../lib/gcc/arm-none-eabi/10.3.1/../../../../arm-none-eabi/lib/thumb/v6-m/nofp\libcr_nohost_nf.a(_cr__main.o)
                0x00005baa                __main
 .text.memset   0x00005bb6        0x8 c:/nxp/mcuxpressoide_11.7.0_9198/ide/plugins/com.nxp.mcuxpresso.tools.win32_11.7.0.202209140929/tools/bin/../lib/gcc/arm-none-eabi/10.3.1/../../../../arm-none-eabi/lib/thumb/v6-m/nofp\libcr_c.a(memset.o)
                0x00005bb6                memset
 .text.free     0x00005bbe       0x2c c:/nxp/mcuxpressoide_11.7.0_9198/ide/plugins/com.nxp.mcuxpresso.tools.win32_11.7.0.202209140929/tools/bin/../lib/gcc/arm-none-eabi/10.3.1/../../../../arm-none-eabi/lib/thumb/v6-m/nofp\libcr_c.a(alloc.o)
                0x00005bbe                free
 .text.fabs     0x00005bea       0x22 c:/nxp/mcuxpressoide_11.7.0_9198/ide/plugins/com.nxp.mcuxpresso.tools.win32_11.7.0.202209140929/tools/bin/../lib/gcc/arm-none-eabi/10.3.1/../../../../arm-none-eabi/lib/thumb/v6-m/nofp\libcr_c.a(fabs.o)
                0x00005bea                fabs
 .text.no_fp_display
                0x00005c0c        0x4 c:/nxp/mcuxpressoide_11.7.0_9198/ide/plugins/com.nxp.mcuxpresso.tools.win32_11.7.0.202209140929/tools/bin/../lib/gcc/arm-none-eabi/10.3.1/../../../../arm-none-eabi/lib/thumb/v6-m/nofp\libcr_c.a(printf.o)
 .text.sscanf   0x00005c10       0x3c c:/nxp/mcuxpressoide_11.7.0_9198/ide/plugins/com.nxp.mcuxpresso.tools.win32_11.7.0.202209140929/tools/bin/../lib/gcc/arm-none-eabi/10.3.1/../../../../arm-none-eabi/lib/thumb/v6-m/nofp\libcr_c.a(scanf.o)
                0x00005c10                sscanf
 .text._Csys_read_
                0x00005c4c       0x24 c:/nxp/mcuxpressoide_11.7.0_9198/ide/plugins/com.nxp.mcuxpresso.tools.win32_11.7.0.202209140929/tools/bin/../lib/gcc/arm-none-eabi/10.3.1/../../../../arm-none-eabi/lib/thumb/v6-m/nofp\libcr_c.a(__fillbuf.o)
                0x00005c4c                _Csys_read_
 .text.remove   0x00005c70       0x12 c:/nxp/mcuxpressoide_11.7.0_9198/ide/plugins/com.nxp.mcuxpresso.tools.win32_11.7.0.202209140929/tools/bin/../lib/gcc/arm-none-eabi/10.3.1/../../../../arm-none-eabi/lib/thumb/v6-m/nofp\libcr_c.a(remove.o)
                0x00005c70                remove
 .text.__aeabi_division_idivmod
                0x00005c82       0x78 c:/nxp/mcuxpressoide_11.7.0_9198/ide/plugins/com.nxp.mcuxpresso.tools.win32_11.7.0.202209140929/tools/bin/../lib/gcc/arm-none-eabi/10.3.1/thumb/v6-m/nofp\libcr_eabihelpers.a(division_32.o)
                0x00005c82                __aeabi_idivmod
                0x00005c82                __aeabi_idiv
                0x00005c88                __aeabi_uidivmod
                0x00005c88                __aeabi_uidiv
 .text.__aeabi_division_idiv0
                0x00005cfa        0x2 c:/nxp/mcuxpressoide_11.7.0_9198/ide/plugins/com.nxp.mcuxpresso.tools.win32_11.7.0.202209140929/tools/bin/../lib/gcc/arm-none-eabi/10.3.1/thumb/v6-m/nofp\libcr_eabihelpers.a(division_idiv0.o)
                0x00005cfa                __aeabi_idiv0
 .text.__bhs_ui2d
                0x00005cfc       0x5e c:/nxp/mcuxpressoide_11.7.0_9198/ide/plugins/com.nxp.mcuxpresso.tools.win32_11.7.0.202209140929/tools/bin/../lib/gcc/arm-none-eabi/10.3.1/thumb/v6-m/nofp\libcr_eabihelpers.a(double.o)
                0x00005cfc                __bhs_ui2d
 .text.__aeabi_i2d
                0x00005d5a       0x18 c:/nxp/mcuxpressoide_11.7.0_9198/ide/plugins/com.nxp.mcuxpresso.tools.win32_11.7.0.202209140929/tools/bin/../lib/gcc/arm-none-eabi/10.3.1/thumb/v6-m/nofp\libcr_eabihelpers.a(double.o)
                0x00005d5a                __aeabi_i2d
 .text.__aeabi_ui2d
                0x00005d72        0xc c:/nxp/mcuxpressoide_11.7.0_9198/ide/plugins/com.nxp.mcuxpresso.tools.win32_11.7.0.202209140929/tools/bin/../lib/gcc/arm-none-eabi/10.3.1/thumb/v6-m/nofp\libcr_eabihelpers.a(double.o)
                0x00005d72                __aeabi_ui2d
 .text.__aeabi_f2uiz
                0x00005d7e       0x2a c:/nxp/mcuxpressoide_11.7.0_9198/ide/plugins/com.nxp.mcuxpresso.tools.win32_11.7.0.202209140929/tools/bin/../lib/gcc/arm-none-eabi/10.3.1/thumb/v6-m/nofp\libcr_eabihelpers.a(float.o)
                0x00005d7e                __aeabi_f2uiz
 .text.__bhs_ui2f
                0x00005da8       0x60 c:/nxp/mcuxpressoide_11.7.0_9198/ide/plugins/com.nxp.mcuxpresso.tools.win32_11.7.0.202209140929/tools/bin/../lib/gcc/arm-none-eabi/10.3.1/thumb/v6-m/nofp\libcr_eabihelpers.a(float.o)
                0x00005da8                __bhs_ui2f
 .text.__aeabi_i2f
                0x00005e08       0x18 c:/nxp/mcuxpressoide_11.7.0_9198/ide/plugins/com.nxp.mcuxpresso.tools.win32_11.7.0.202209140929/tools/bin/../lib/gcc/arm-none-eabi/10.3.1/thumb/v6-m/nofp\libcr_eabihelpers.a(float.o)
                0x00005e08                __aeabi_i2f
 .text.__aeabi_ui2f
                0x00005e20        0xc c:/nxp/mcuxpressoide_11.7.0_9198/ide/plugins/com.nxp.mcuxpresso.tools.win32_11.7.0.202209140929/tools/bin/../lib/gcc/arm-none-eabi/10.3.1/thumb/v6-m/nofp\libcr_eabihelpers.a(float.o)
                0x00005e20                __aeabi_ui2f
 .text.__aeabi_fcmplt
                0x00005e2c       0x42 c:/nxp/mcuxpressoide_11.7.0_9198/ide/plugins/com.nxp.mcuxpresso.tools.win32_11.7.0.202209140929/tools/bin/../lib/gcc/arm-none-eabi/10.3.1/thumb/v6-m/nofp\libcr_eabihelpers.a(float.o)
                0x00005e2c                __aeabi_fcmplt
 .text.__aeabi_fcmpgt
                0x00005e6e       0x3e c:/nxp/mcuxpressoide_11.7.0_9198/ide/plugins/com.nxp.mcuxpresso.tools.win32_11.7.0.202209140929/tools/bin/../lib/gcc/arm-none-eabi/10.3.1/thumb/v6-m/nofp\libcr_eabihelpers.a(float.o)
                0x00005e6e                __aeabi_fcmpgt
 .text.__aeabi_llong_lmul
                0x00005eac       0x2e c:/nxp/mcuxpressoide_11.7.0_9198/ide/plugins/com.nxp.mcuxpresso.tools.win32_11.7.0.202209140929/tools/bin/../lib/gcc/arm-none-eabi/10.3.1/thumb/v6-m/nofp\libcr_eabihelpers.a(llong.o)
                0x00005eac                __aeabi_lmul
 .text.__aeabi_memset_lowlevel
                0x00005eda       0x2a c:/nxp/mcuxpressoide_11.7.0_9198/ide/plugins/com.nxp.mcuxpresso.tools.win32_11.7.0.202209140929/tools/bin/../lib/gcc/arm-none-eabi/10.3.1/thumb/v6-m/nofp\libcr_eabihelpers.a(memcpy.o)
                0x00005eda                __aeabi_lowlevel_memset
 .text.__gnu_thumb1_case_shi
                0x00005f04       0x10 c:/nxp/mcuxpressoide_11.7.0_9198/ide/plugins/com.nxp.mcuxpresso.tools.win32_11.7.0.202209140929/tools/bin/../lib/gcc/arm-none-eabi/10.3.1/thumb/v6-m/nofp\libcr_eabihelpers.a(thumb1_switch_helpers.o)
                0x00005f04                __gnu_thumb1_case_shi
 .text.__sys_appexit
                0x00005f14        0x2 c:/nxp/mcuxpressoide_11.7.0_9198/ide/plugins/com.nxp.mcuxpresso.tools.win32_11.7.0.202209140929/tools/bin/../lib/gcc/arm-none-eabi/10.3.1/../../../../arm-none-eabi/lib/thumb/v6-m/nofp\libcr_nohost_nf.a(__sys_appexit.o)
                0x00005f14                __sys_appexit
                0x00005f14                __exit
 .text.__sys_close
                0x00005f16        0x6 c:/nxp/mcuxpressoide_11.7.0_9198/ide/plugins/com.nxp.mcuxpresso.tools.win32_11.7.0.202209140929/tools/bin/../lib/gcc/arm-none-eabi/10.3.1/../../../../arm-none-eabi/lib/thumb/v6-m/nofp\libcr_nohost_nf.a(__sys_close.o)
                0x00005f16                __sys_close
 .text.__sys_flen
                0x00005f1c        0x6 c:/nxp/mcuxpressoide_11.7.0_9198/ide/plugins/com.nxp.mcuxpresso.tools.win32_11.7.0.202209140929/tools/bin/../lib/gcc/arm-none-eabi/10.3.1/../../../../arm-none-eabi/lib/thumb/v6-m/nofp\libcr_nohost_nf.a(__sys_flen.o)
                0x00005f1c                __sys_flen
 .text.__sys_istty
                0x00005f22        0x6 c:/nxp/mcuxpressoide_11.7.0_9198/ide/plugins/com.nxp.mcuxpresso.tools.win32_11.7.0.202209140929/tools/bin/../lib/gcc/arm-none-eabi/10.3.1/../../../../arm-none-eabi/lib/thumb/v6-m/nofp\libcr_nohost_nf.a(__sys_istty.o)
                0x00005f22                __sys_istty
 .text.__sys_read
                0x00005f28        0x4 c:/nxp/mcuxpressoide_11.7.0_9198/ide/plugins/com.nxp.mcuxpresso.tools.win32_11.7.0.202209140929/tools/bin/../lib/gcc/arm-none-eabi/10.3.1/../../../../arm-none-eabi/lib/thumb/v6-m/nofp\libcr_nohost_nf.a(__sys_read.o)
                0x00005f28                __sys_read
 .text.__sys_readc
                0x00005f2c        0x6 c:/nxp/mcuxpressoide_11.7.0_9198/ide/plugins/com.nxp.mcuxpresso.tools.win32_11.7.0.202209140929/tools/bin/../lib/gcc/arm-none-eabi/10.3.1/../../../../arm-none-eabi/lib/thumb/v6-m/nofp\libcr_nohost_nf.a(__sys_readc.o)
                0x00005f2c                __sys_readc
                0x00005f2c                __readc
 .text.__sys_remove
                0x00005f32        0x6 c:/nxp/mcuxpressoide_11.7.0_9198/ide/plugins/com.nxp.mcuxpresso.tools.win32_11.7.0.202209140929/tools/bin/../lib/gcc/arm-none-eabi/10.3.1/../../../../arm-none-eabi/lib/thumb/v6-m/nofp\libcr_nohost_nf.a(__sys_remove.o)
                0x00005f32                __sys_remove
 .text.__sys_seek
                0x00005f38        0x6 c:/nxp/mcuxpressoide_11.7.0_9198/ide/plugins/com.nxp.mcuxpresso.tools.win32_11.7.0.202209140929/tools/bin/../lib/gcc/arm-none-eabi/10.3.1/../../../../arm-none-eabi/lib/thumb/v6-m/nofp\libcr_nohost_nf.a(__sys_seek.o)
                0x00005f38                __sys_seek
 .text.__sys_tmpnam
                0x00005f3e        0x6 c:/nxp/mcuxpressoide_11.7.0_9198/ide/plugins/com.nxp.mcuxpresso.tools.win32_11.7.0.202209140929/tools/bin/../lib/gcc/arm-none-eabi/10.3.1/../../../../arm-none-eabi/lib/thumb/v6-m/nofp\libcr_nohost_nf.a(__sys_tmpnam.o)
                0x00005f3e                __sys_tmpnam
 .text.__sys_write
                0x00005f44        0x4 c:/nxp/mcuxpressoide_11.7.0_9198/ide/plugins/com.nxp.mcuxpresso.tools.win32_11.7.0.202209140929/tools/bin/../lib/gcc/arm-none-eabi/10.3.1/../../../../arm-none-eabi/lib/thumb/v6-m/nofp\libcr_nohost_nf.a(__sys_write.o)
                0x00005f44                __sys_write
 *(SORT_BY_ALIGNMENT(.rodata) SORT_BY_ALIGNMENT(.rodata.*) SORT_BY_ALIGNMENT(.constdata) SORT_BY_ALIGNMENT(.constdata.*))
 .rodata.str1.4
                0x00005f48       0xc3 ./source/TFC/TFC_Terminal.o
 *fill*         0x0000600b        0x1 ff
 .rodata.TerminalBootMsg.str1.4
                0x0000600c       0xa1 ./source/TFC/TFC_Terminal.o
                                 0xa9 (size before relaxing)
 *fill*         0x000060ad        0x3 ff
 .rodata.TerminalCmd_Help.str1.4
                0x000060b0       0x40 ./source/TFC/TFC_Terminal.o
 .rodata.TerminalCmd_E.str1.4
                0x000060f0       0x18 ./source/TFC/TFC_Terminal.o
 .rodata.TerminalCmd_D.str1.4
                0x00006108       0x19 ./source/TFC/TFC_Terminal.o
 *fill*         0x00006121        0x3 ff
 .rodata.TerminalCmd_GetLineScan.str1.4
                0x00006124       0x1e ./source/TFC/TFC_Terminal.o
 *fill*         0x00006142        0x2 ff
 .rodata.TerminalCmd_S.str1.4
                0x00006144       0x91 ./source/TFC/TFC_Terminal.o
 *fill*         0x000061d5        0x3 ff
 .rodata.TerminalCmd_H.str1.4
                0x000061d8       0x97 ./source/TFC/TFC_Terminal.o
 *fill*         0x0000626f        0x1 ff
 .rodata.TFC_ProcessTerminal.str1.4
                0x00006270       0x30 ./source/TFC/TFC_Terminal.o
                                 0x34 (size before relaxing)
 .rodata.getSteeringErrorBasic.str1.4
                0x000062a0       0x20 ./source/Ported_TFC_A.o
 .rodata.main.str1.4
                0x000062c0       0x34 ./source/Ported_TFC_A.o
 .rodata.__num_Ciob_streams
                0x000062f4        0x4 c:/nxp/mcuxpressoide_11.7.0_9198/ide/plugins/com.nxp.mcuxpresso.tools.win32_11.7.0.202209140929/tools/bin/../lib/gcc/arm-none-eabi/10.3.1/../../../../arm-none-eabi/lib/thumb/v6-m/nofp\libcr_nohost_nf.a(__ciob.o)
                0x000062f4                __num_Ciob_streams
 .rodata._Csys_alloc.str1.1
                0x000062f8       0x18 c:/nxp/mcuxpressoide_11.7.0_9198/ide/plugins/com.nxp.mcuxpresso.tools.win32_11.7.0.202209140929/tools/bin/../lib/gcc/arm-none-eabi/10.3.1/../../../../arm-none-eabi/lib/thumb/v6-m/nofp\libcr_c.a(alloc.o)
 .rodata._initio.str1.1
                0x00006310        0x4 c:/nxp/mcuxpressoide_11.7.0_9198/ide/plugins/com.nxp.mcuxpresso.tools.win32_11.7.0.202209140929/tools/bin/../lib/gcc/arm-none-eabi/10.3.1/../../../../arm-none-eabi/lib/thumb/v6-m/nofp\libcr_c.a(initio.o)
 .rodata.__vfprintf.str1.1
                0x00006314       0x37 c:/nxp/mcuxpressoide_11.7.0_9198/ide/plugins/com.nxp.mcuxpresso.tools.win32_11.7.0.202209140929/tools/bin/../lib/gcc/arm-none-eabi/10.3.1/../../../../arm-none-eabi/lib/thumb/v6-m/nofp\libcr_c.a(printf.o)
                                 0x38 (size before relaxing)
 .rodata.__ctype
                0x0000634b      0x180 c:/nxp/mcuxpressoide_11.7.0_9198/ide/plugins/com.nxp.mcuxpresso.tools.win32_11.7.0.202209140929/tools/bin/../lib/gcc/arm-none-eabi/10.3.1/../../../../arm-none-eabi/lib/thumb/v6-m/nofp\libcr_c.a(ctype.o)
                0x0000634b                __ctype
                0x000064cc                . = ALIGN (0x4)
 *fill*         0x000064cb        0x1 ff

.glue_7         0x000064cc        0x0
 .glue_7        0x000064cc        0x0 linker stubs

.glue_7t        0x000064cc        0x0
 .glue_7t       0x000064cc        0x0 linker stubs

.vfp11_veneer   0x000064cc        0x0
 .vfp11_veneer  0x000064cc        0x0 linker stubs

.v4_bx          0x000064cc        0x0
 .v4_bx         0x000064cc        0x0 linker stubs

.iplt           0x000064cc        0x0
 .iplt          0x000064cc        0x0 ./startup/startup_mkl25z4.o

.rel.dyn        0x000064cc        0x0
 .rel.iplt      0x000064cc        0x0 ./startup/startup_mkl25z4.o

.ARM.extab
 *(SORT_BY_ALIGNMENT(.ARM.extab*) SORT_BY_ALIGNMENT(.gnu.linkonce.armextab.*))

.ARM.exidx      0x000064cc        0x0
                0x000064cc                __exidx_start = .
 *(SORT_BY_ALIGNMENT(.ARM.exidx*) SORT_BY_ALIGNMENT(.gnu.linkonce.armexidx.*))
                0x000064cc                __exidx_end = .
                0x000064cc                _etext = .

.m_usb_data
 *(SORT_BY_ALIGNMENT(m_usb_bdt))

.mtb_buffer_default
                0x1ffff000       0x80
 *(SORT_BY_ALIGNMENT(.mtb*))
 .mtb.$RAM1     0x1ffff000       0x80 ./source/mtb.o
                0x1ffff000                __mtb_buffer__

.uninit_RESERVED
                0x1ffff080        0x0
                0x1ffff080                _start_uninit_RESERVED = .
 *(SORT_BY_ALIGNMENT(.bss.$RESERVED*))
                0x1ffff080                . = ALIGN (0x4)
                0x1ffff080                _end_uninit_RESERVED = .

.data           0x1ffff080       0x50 load address 0x000064cc
 FILL mask 0xff
                0x1ffff080                _data = .
                [!provide]                PROVIDE (__start_data_RAM = .)
                [!provide]                PROVIDE (__start_data_SRAM = .)
 *(SORT_BY_ALIGNMENT(vtable))
 *(SORT_BY_ALIGNMENT(.ramfunc*))
 *(SORT_BY_ALIGNMENT(CodeQuickAccess))
 *(SORT_BY_ALIGNMENT(DataQuickAccess))
 *(SORT_BY_ALIGNMENT(RamFunction))
 *(SORT_BY_ALIGNMENT(.data*))
 .data.MyTerminalCallbackRecords
                0x1ffff080       0x48 ./source/TFC/TFC_Terminal.o
                0x1ffff080                MyTerminalCallbackRecords
 .data.neginf.0
                0x1ffff0c8        0x4 c:/nxp/mcuxpressoide_11.7.0_9198/ide/plugins/com.nxp.mcuxpresso.tools.win32_11.7.0.202209140929/tools/bin/../lib/gcc/arm-none-eabi/10.3.1/../../../../arm-none-eabi/lib/thumb/v6-m/nofp\libcr_c.a(scanf.o)
 .data.posinf.1
                0x1ffff0cc        0x4 c:/nxp/mcuxpressoide_11.7.0_9198/ide/plugins/com.nxp.mcuxpresso.tools.win32_11.7.0.202209140929/tools/bin/../lib/gcc/arm-none-eabi/10.3.1/../../../../arm-none-eabi/lib/thumb/v6-m/nofp\libcr_c.a(scanf.o)
                0x1ffff0d0                . = ALIGN (0x4)
                0x1ffff0d0                _edata = .
                [!provide]                PROVIDE (__end_data_RAM = .)
                [!provide]                PROVIDE (__end_data_SRAM = .)

.igot.plt       0x1ffff0d0        0x0 load address 0x0000651c
 .igot.plt      0x1ffff0d0        0x0 ./startup/startup_mkl25z4.o

.bss            0x1ffff0d0      0xf80
                0x1ffff0d0                _bss = .
                [!provide]                PROVIDE (__start_bss_RAM = .)
                [!provide]                PROVIDE (__start_bss_SRAM = .)
 *(SORT_BY_ALIGNMENT(.bss*))
 .bss.PotADC_Value
                0x1ffff0d0        0x4 ./source/TFC/TFC_ADC.o
                0x1ffff0d0                PotADC_Value
 .bss.DelayTimerTick
                0x1ffff0d4        0x4 ./source/TFC/TFC_ARM_SysTick.o
 .bss.TFC_Ticker
                0x1ffff0d8       0x10 ./source/TFC/TFC_ARM_SysTick.o
                0x1ffff0d8                TFC_Ticker
 .bss.LineScanImage0WorkingBuffer
                0x1ffff0e8        0x4 ./source/TFC/TFC_LineScanCamera.o
                0x1ffff0e8                LineScanImage0WorkingBuffer
 .bss.LineScanImage1WorkingBuffer
                0x1ffff0ec        0x4 ./source/TFC/TFC_LineScanCamera.o
                0x1ffff0ec                LineScanImage1WorkingBuffer
 .bss.LineScanImage0
                0x1ffff0f0        0x4 ./source/TFC/TFC_LineScanCamera.o
                0x1ffff0f0                LineScanImage0
 .bss.LineScanImage1
                0x1ffff0f4        0x4 ./source/TFC/TFC_LineScanCamera.o
                0x1ffff0f4                LineScanImage1
 .bss.LineScanImage0Buffer
                0x1ffff0f8      0x200 ./source/TFC/TFC_LineScanCamera.o
                0x1ffff0f8                LineScanImage0Buffer
 .bss.LineScanImage1Buffer
                0x1ffff2f8      0x200 ./source/TFC/TFC_LineScanCamera.o
                0x1ffff2f8                LineScanImage1Buffer
 .bss.StringBuffer
                0x1ffff4f8      0x100 ./source/TFC/TFC_Queue.o
 .bss.TerminalLineBuf
                0x1ffff5f8       0x40 ./source/TFC/TFC_Terminal.o
                0x1ffff5f8                TerminalLineBuf
 .bss.TerminalCmdBuf
                0x1ffff638       0x21 ./source/TFC/TFC_Terminal.o
                0x1ffff638                TerminalCmdBuf
 *fill*         0x1ffff659        0x3 
 .bss.TerminalArgs
                0x1ffff65c       0x20 ./source/TFC/TFC_Terminal.o
                0x1ffff65c                TerminalArgs
 .bss.SDA_SERIAL_OUTGOING_QUEUE
                0x1ffff67c        0xc ./source/TFC/TFC_UART.o
                0x1ffff67c                SDA_SERIAL_OUTGOING_QUEUE
 .bss.SDA_SERIAL_INCOMING_QUEUE
                0x1ffff688        0xc ./source/TFC/TFC_UART.o
                0x1ffff688                SDA_SERIAL_INCOMING_QUEUE
 .bss.SDA_SERIAL_OUTGOING_QUEUE_Storage
                0x1ffff694      0x800 ./source/TFC/TFC_UART.o
                0x1ffff694                SDA_SERIAL_OUTGOING_QUEUE_Storage
 .bss.SDA_SERIAL_INCOMING_QUEUE_Storage
                0x1ffffe94       0x80 ./source/TFC/TFC_UART.o
                0x1ffffe94                SDA_SERIAL_INCOMING_QUEUE_Storage
 .bss.pSteering
                0x1fffff14        0x4 ./source/Ported_TFC_A.o
                0x1fffff14                pSteering
 .bss.pLeftMotor
                0x1fffff18        0x4 ./source/Ported_TFC_A.o
                0x1fffff18                pLeftMotor
 .bss.pRightMotor
                0x1fffff1c        0x4 ./source/Ported_TFC_A.o
                0x1fffff1c                pRightMotor
 .bss.leftSpeed
                0x1fffff20        0x4 ./source/Ported_TFC_A.o
                0x1fffff20                leftSpeed
 .bss.rightSpeed
                0x1fffff24        0x4 ./source/Ported_TFC_A.o
                0x1fffff24                rightSpeed
 .bss.currentSpeed
                0x1fffff28        0x4 ./source/Ported_TFC_A.o
                0x1fffff28                currentSpeed
 .bss.steeringError
                0x1fffff2c        0x4 ./source/Ported_TFC_A.o
                0x1fffff2c                steeringError
 .bss.steeringControl
                0x1fffff30        0x4 ./source/Ported_TFC_A.o
                0x1fffff30                steeringControl
 .bss.C         0x1fffff34        0x4 ./source/Ported_TFC_A.o
                0x1fffff34                C
 .bss.left      0x1fffff38        0x4 ./source/Ported_TFC_A.o
                0x1fffff38                left
 .bss.right     0x1fffff3c        0x4 ./source/Ported_TFC_A.o
                0x1fffff3c                right
 .bss.time      0x1fffff40        0x4 ./source/Ported_TFC_A.o
                0x1fffff40                time
 .bss.dTime     0x1fffff44        0x4 ./source/Ported_TFC_A.o
                0x1fffff44                dTime
 .bss.lastTime  0x1fffff48        0x4 ./source/Ported_TFC_A.o
                0x1fffff48                lastTime
 .bss.rightTime
                0x1fffff4c        0x4 ./source/Ported_TFC_A.o
                0x1fffff4c                rightTime
 .bss.leftTime  0x1fffff50        0x4 ./source/Ported_TFC_A.o
                0x1fffff50                leftTime
 .bss.rightActual
                0x1fffff54        0x4 ./source/Ported_TFC_A.o
                0x1fffff54                rightActual
 .bss.leftActual
                0x1fffff58        0x4 ./source/Ported_TFC_A.o
                0x1fffff58                leftActual
 .bss.init_sequence_bool
                0x1fffff5c        0x4 ./source/Ported_TFC_A.o
                0x1fffff5c                init_sequence_bool
 .bss.buf1      0x1fffff60        0x4 ./source/tpm.o
                0x1fffff60                buf1
 .bss.buf2      0x1fffff64        0x4 ./source/tpm.o
                0x1fffff64                buf2
 .bss.s_lpsciHandle
                0x1fffff68        0x4 ./drivers/fsl_lpsci.o
 .bss.s_lpsciIsr
                0x1fffff6c        0x4 ./drivers/fsl_lpsci.o
 .bss.s_uartHandle
                0x1fffff70        0xc ./drivers/fsl_uart.o
 .bss.s_uartIsr
                0x1fffff7c        0x4 ./drivers/fsl_uart.o
 .bss.__end_of_heap
                0x1fffff80        0x4 c:/nxp/mcuxpressoide_11.7.0_9198/ide/plugins/com.nxp.mcuxpresso.tools.win32_11.7.0.202209140929/tools/bin/../lib/gcc/arm-none-eabi/10.3.1/../../../../arm-none-eabi/lib/thumb/v6-m/nofp\libcr_c.a(__init_alloc.o)
                0x1fffff80                __end_of_heap
 .bss.__heaps   0x1fffff84        0x4 c:/nxp/mcuxpressoide_11.7.0_9198/ide/plugins/com.nxp.mcuxpresso.tools.win32_11.7.0.202209140929/tools/bin/../lib/gcc/arm-none-eabi/10.3.1/../../../../arm-none-eabi/lib/thumb/v6-m/nofp\libcr_c.a(__init_alloc.o)
                0x1fffff84                __heaps
 .bss.errno     0x1fffff88        0x4 c:/nxp/mcuxpressoide_11.7.0_9198/ide/plugins/com.nxp.mcuxpresso.tools.win32_11.7.0.202209140929/tools/bin/../lib/gcc/arm-none-eabi/10.3.1/../../../../arm-none-eabi/lib/thumb/v6-m/nofp\libcr_c.a(errno.o)
                0x1fffff88                errno
 .bss.__Ciob    0x1fffff8c       0xb4 c:/nxp/mcuxpressoide_11.7.0_9198/ide/plugins/com.nxp.mcuxpresso.tools.win32_11.7.0.202209140929/tools/bin/../lib/gcc/arm-none-eabi/10.3.1/../../../../arm-none-eabi/lib/thumb/v6-m/nofp\libcr_nohost_nf.a(__ciob.o)
                0x1fffff8c                __Ciob
 .bss.BatSenseADC_Value
                0x20000040        0x2 ./source/TFC/TFC_ADC.o
                0x20000040                BatSenseADC_Value
 .bss.count1    0x20000042        0x2 ./source/tpm.o
                0x20000042                count1
 .bss.count2    0x20000044        0x2 ./source/tpm.o
                0x20000044                count2
 .bss.CurrentADC_State
                0x20000046        0x1 ./source/TFC/TFC_ADC.o
 .bss.CurrentLineScanPixel
                0x20000047        0x1 ./source/TFC/TFC_ADC.o
                0x20000047                CurrentLineScanPixel
 .bss.CurrentLineScanChannel
                0x20000048        0x1 ./source/TFC/TFC_ADC.o
                0x20000048                CurrentLineScanChannel
 .bss.LineScanWorkingBuffer
                0x20000049        0x1 ./source/TFC/TFC_LineScanCamera.o
                0x20000049                LineScanWorkingBuffer
 .bss.LineScanImageReady
                0x2000004a        0x1 ./source/TFC/TFC_LineScanCamera.o
                0x2000004a                LineScanImageReady
 .bss.ServoTickVar
                0x2000004b        0x1 ./source/TFC/TFC_Servo.o
                0x2000004b                ServoTickVar
 .bss.TerminalPos
                0x2000004c        0x1 ./source/TFC/TFC_Terminal.o
                0x2000004c                TerminalPos
 .bss.NextCharIn
                0x2000004d        0x1 ./source/TFC/TFC_Terminal.o
                0x2000004d                NextCharIn
 .bss.CmdFound  0x2000004e        0x1 ./source/TFC/TFC_Terminal.o
                0x2000004e                CmdFound
 *(SORT_BY_ALIGNMENT(COMMON))
                0x20000050                . = ALIGN (0x4)
 *fill*         0x2000004f        0x1 
                0x20000050                _ebss = .
                [!provide]                PROVIDE (__end_bss_RAM = .)
                [!provide]                PROVIDE (__end_bss_SRAM = .)
                [!provide]                PROVIDE (end = .)

.noinit         0x20000050        0x0
                0x20000050                _noinit = .
                [!provide]                PROVIDE (__start_noinit_RAM = .)
                [!provide]                PROVIDE (__start_noinit_SRAM = .)
 *(SORT_BY_ALIGNMENT(.noinit*))
                0x20000050                . = ALIGN (0x4)
                0x20000050                _end_noinit = .
                [!provide]                PROVIDE (__end_noinit_RAM = .)
                [!provide]                PROVIDE (__end_noinit_SRAM = .)
                0x00000400                _HeapSize = 0x400

.heap           0x20000050      0x400
                0x20000050                _pvHeapStart = .
                0x20000450                . = (. + _HeapSize)
 *fill*         0x20000050      0x400 
                0x20000450                . = ALIGN (0x4)
                0x20000450                _pvHeapLimit = .
                0x00000400                _StackSize = 0x400

.heap2stackfill
                0x20000450      0x400
                0x20000850                . = (. + _StackSize)
 *fill*         0x20000450      0x400 

.stack          0x20002c00        0x0
                0x20002c00                _vStackBase = .
                0x20002c00                . = ALIGN (0x4)
                0x20003000                _vStackTop = (. + _StackSize)
                0x00000000                _image_start = LOADADDR (.text)
                0x0000651c                _image_end = (LOADADDR (.data) + SIZEOF (.data))
                0x0000651c                _image_size = (_image_end - _image_start)
OUTPUT(mycupcar_code.axf elf32-littlearm)
LOAD linker stubs

.debug_info     0x00000000     0x8550
 .debug_info    0x00000000      0x4eb ./startup/startup_mkl25z4.o
 .debug_info    0x000004eb      0x129 ./source/TFC/TFC.o
 .debug_info    0x00000614      0xad6 ./source/TFC/TFC_ADC.o
 .debug_info    0x000010ea      0x1aa ./source/TFC/TFC_ARM_SysTick.o
 .debug_info    0x00001294      0x40b ./source/TFC/TFC_BoardSupport.o
 .debug_info    0x0000169f      0xda9 ./source/TFC/TFC_CrystalClock.o
 .debug_info    0x00002448      0x5dc ./source/TFC/TFC_LineScanCamera.o
 .debug_info    0x00002a24      0x475 ./source/TFC/TFC_Motor.o
 .debug_info    0x00002e99      0x303 ./source/TFC/TFC_Queue.o
 .debug_info    0x0000319c      0x5f2 ./source/TFC/TFC_Servo.o
 .debug_info    0x0000378e      0x487 ./source/TFC/TFC_Terminal.o
 .debug_info    0x00003c15      0x839 ./source/TFC/TFC_UART.o
 .debug_info    0x0000444e      0x3be ./source/TFC/TFC_arm_cm0.o
 .debug_info    0x0000480c      0x5be ./source/Ported_TFC_A.o
 .debug_info    0x00004dca       0x53 ./source/mtb.o
 .debug_info    0x00004e1d      0x4f7 ./source/pid.o
 .debug_info    0x00005314       0x3c ./source/semihost_hardfault.o
 .debug_info    0x00005350      0x644 ./source/tpm.o
 .debug_info    0x00005994     0x140d ./drivers/fsl_lpsci.o
 .debug_info    0x00006da1     0x13ae ./drivers/fsl_uart.o
 .debug_info    0x0000814f      0x401 ./CMSIS/system_MKL25Z4.o

.debug_abbrev   0x00000000     0x1f1a
 .debug_abbrev  0x00000000      0x198 ./startup/startup_mkl25z4.o
 .debug_abbrev  0x00000198       0x95 ./source/TFC/TFC.o
 .debug_abbrev  0x0000022d      0x27a ./source/TFC/TFC_ADC.o
 .debug_abbrev  0x000004a7      0x143 ./source/TFC/TFC_ARM_SysTick.o
 .debug_abbrev  0x000005ea      0x13d ./source/TFC/TFC_BoardSupport.o
 .debug_abbrev  0x00000727      0x20c ./source/TFC/TFC_CrystalClock.o
 .debug_abbrev  0x00000933      0x152 ./source/TFC/TFC_LineScanCamera.o
 .debug_abbrev  0x00000a85      0x11f ./source/TFC/TFC_Motor.o
 .debug_abbrev  0x00000ba4      0x140 ./source/TFC/TFC_Queue.o
 .debug_abbrev  0x00000ce4      0x180 ./source/TFC/TFC_Servo.o
 .debug_abbrev  0x00000e64      0x16d ./source/TFC/TFC_Terminal.o
 .debug_abbrev  0x00000fd1      0x208 ./source/TFC/TFC_UART.o
 .debug_abbrev  0x000011d9      0x134 ./source/TFC/TFC_arm_cm0.o
 .debug_abbrev  0x0000130d      0x1e2 ./source/Ported_TFC_A.o
 .debug_abbrev  0x000014ef       0x46 ./source/mtb.o
 .debug_abbrev  0x00001535      0x12a ./source/pid.o
 .debug_abbrev  0x0000165f       0x31 ./source/semihost_hardfault.o
 .debug_abbrev  0x00001690      0x194 ./source/tpm.o
 .debug_abbrev  0x00001824      0x2d7 ./drivers/fsl_lpsci.o
 .debug_abbrev  0x00001afb      0x2f1 ./drivers/fsl_uart.o
 .debug_abbrev  0x00001dec      0x12e ./CMSIS/system_MKL25Z4.o

.debug_aranges  0x00000000      0x8b8
 .debug_aranges
                0x00000000      0x160 ./startup/startup_mkl25z4.o
 .debug_aranges
                0x00000160       0x28 ./source/TFC/TFC.o
 .debug_aranges
                0x00000188       0x60 ./source/TFC/TFC_ADC.o
 .debug_aranges
                0x000001e8       0x30 ./source/TFC/TFC_ARM_SysTick.o
 .debug_aranges
                0x00000218       0x30 ./source/TFC/TFC_BoardSupport.o
 .debug_aranges
                0x00000248       0xf8 ./source/TFC/TFC_CrystalClock.o
 .debug_aranges
                0x00000340       0x28 ./source/TFC/TFC_LineScanCamera.o
 .debug_aranges
                0x00000368       0x28 ./source/TFC/TFC_Motor.o
 .debug_aranges
                0x00000390       0x50 ./source/TFC/TFC_Queue.o
 .debug_aranges
                0x000003e0       0x38 ./source/TFC/TFC_Servo.o
 .debug_aranges
                0x00000418       0x68 ./source/TFC/TFC_Terminal.o
 .debug_aranges
                0x00000480       0x50 ./source/TFC/TFC_UART.o
 .debug_aranges
                0x000004d0       0x48 ./source/TFC/TFC_arm_cm0.o
 .debug_aranges
                0x00000518       0x50 ./source/Ported_TFC_A.o
 .debug_aranges
                0x00000568       0x18 ./source/mtb.o
 .debug_aranges
                0x00000580       0x78 ./source/pid.o
 .debug_aranges
                0x000005f8       0x20 ./source/semihost_hardfault.o
 .debug_aranges
                0x00000618       0x30 ./source/tpm.o
 .debug_aranges
                0x00000648      0x118 ./drivers/fsl_lpsci.o
 .debug_aranges
                0x00000760      0x130 ./drivers/fsl_uart.o
 .debug_aranges
                0x00000890       0x28 ./CMSIS/system_MKL25Z4.o

.debug_ranges   0x00000000      0x760
 .debug_ranges  0x00000000      0x150 ./startup/startup_mkl25z4.o
 .debug_ranges  0x00000150       0x18 ./source/TFC/TFC.o
 .debug_ranges  0x00000168       0x50 ./source/TFC/TFC_ADC.o
 .debug_ranges  0x000001b8       0x20 ./source/TFC/TFC_ARM_SysTick.o
 .debug_ranges  0x000001d8       0x20 ./source/TFC/TFC_BoardSupport.o
 .debug_ranges  0x000001f8       0xe8 ./source/TFC/TFC_CrystalClock.o
 .debug_ranges  0x000002e0       0x18 ./source/TFC/TFC_LineScanCamera.o
 .debug_ranges  0x000002f8       0x18 ./source/TFC/TFC_Motor.o
 .debug_ranges  0x00000310       0x40 ./source/TFC/TFC_Queue.o
 .debug_ranges  0x00000350       0x28 ./source/TFC/TFC_Servo.o
 .debug_ranges  0x00000378       0x58 ./source/TFC/TFC_Terminal.o
 .debug_ranges  0x000003d0       0x40 ./source/TFC/TFC_UART.o
 .debug_ranges  0x00000410       0x38 ./source/TFC/TFC_arm_cm0.o
 .debug_ranges  0x00000448       0x40 ./source/Ported_TFC_A.o
 .debug_ranges  0x00000488       0x68 ./source/pid.o
 .debug_ranges  0x000004f0       0x10 ./source/semihost_hardfault.o
 .debug_ranges  0x00000500       0x20 ./source/tpm.o
 .debug_ranges  0x00000520      0x108 ./drivers/fsl_lpsci.o
 .debug_ranges  0x00000628      0x120 ./drivers/fsl_uart.o
 .debug_ranges  0x00000748       0x18 ./CMSIS/system_MKL25Z4.o

.debug_macro    0x00000000    0x13637
 .debug_macro   0x00000000       0x29 ./startup/startup_mkl25z4.o
 .debug_macro   0x00000029       0xff ./source/TFC/TFC.o
 .debug_macro   0x00000128       0xd8 ./source/TFC/TFC.o
 .debug_macro   0x00000200       0x1c ./source/TFC/TFC.o
 .debug_macro   0x0000021c     0x5f60 ./source/TFC/TFC.o
 .debug_macro   0x0000617c       0x40 ./source/TFC/TFC.o
 .debug_macro   0x000061bc       0x16 ./source/TFC/TFC.o
 .debug_macro   0x000061d2       0x4c ./source/TFC/TFC.o
 .debug_macro   0x0000621e       0x10 ./source/TFC/TFC.o
 .debug_macro   0x0000622e       0xb2 ./source/TFC/TFC.o
 .debug_macro   0x000062e0       0x16 ./source/TFC/TFC.o
 .debug_macro   0x000062f6       0x22 ./source/TFC/TFC.o
 .debug_macro   0x00006318       0x1c ./source/TFC/TFC.o
 .debug_macro   0x00006334       0x2e ./source/TFC/TFC.o
 .debug_macro   0x00006362      0x386 ./source/TFC/TFC_ADC.o
 .debug_macro   0x000066e8       0xff ./source/TFC/TFC_ARM_SysTick.o
 .debug_macro   0x000067e7       0xff ./source/TFC/TFC_BoardSupport.o
 .debug_macro   0x000068e6      0x1ca ./source/TFC/TFC_CrystalClock.o
 .debug_macro   0x00006ab0       0xff ./source/TFC/TFC_LineScanCamera.o
 .debug_macro   0x00006baf      0x11b ./source/TFC/TFC_Motor.o
 .debug_macro   0x00006cca       0xff ./source/TFC/TFC_Queue.o
 .debug_macro   0x00006dc9      0x11d ./source/TFC/TFC_Servo.o
 .debug_macro   0x00006ee6      0x111 ./source/TFC/TFC_Terminal.o
 .debug_macro   0x00006ff7       0xff ./source/TFC/TFC_UART.o
 .debug_macro   0x000070f6       0x53 ./source/TFC/TFC_arm_cm0.o
 .debug_macro   0x00007149       0x10 ./source/TFC/TFC_arm_cm0.o
 .debug_macro   0x00007159     0x5f54 ./source/TFC/TFC_arm_cm0.o
 .debug_macro   0x0000d0ad       0x3a ./source/TFC/TFC_arm_cm0.o
 .debug_macro   0x0000d0e7      0x196 ./source/Ported_TFC_A.o
 .debug_macro   0x0000d27d       0x34 ./source/Ported_TFC_A.o
 .debug_macro   0x0000d2b1       0x10 ./source/Ported_TFC_A.o
 .debug_macro   0x0000d2c1       0x2f ./source/mtb.o
 .debug_macro   0x0000d2f0       0x82 ./source/mtb.o
 .debug_macro   0x0000d372       0x10 ./source/mtb.o
 .debug_macro   0x0000d382       0x5d ./source/pid.o
 .debug_macro   0x0000d3df       0x11 ./source/semihost_hardfault.o
 .debug_macro   0x0000d3f0       0x71 ./source/tpm.o
 .debug_macro   0x0000d461       0x10 ./source/tpm.o
 .debug_macro   0x0000d471     0x5f54 ./source/tpm.o
 .debug_macro   0x000133c5       0xec ./drivers/fsl_lpsci.o
 .debug_macro   0x000134b1       0xf2 ./drivers/fsl_uart.o
 .debug_macro   0x000135a3       0x94 ./CMSIS/system_MKL25Z4.o

.debug_line     0x00000000     0x7a0f
 .debug_line    0x00000000      0x1ed ./startup/startup_mkl25z4.o
 .debug_line    0x000001ed      0x2f6 ./source/TFC/TFC.o
 .debug_line    0x000004e3      0x617 ./source/TFC/TFC_ADC.o
 .debug_line    0x00000afa      0x36a ./source/TFC/TFC_ARM_SysTick.o
 .debug_line    0x00000e64      0x3b0 ./source/TFC/TFC_BoardSupport.o
 .debug_line    0x00001214     0x1d79 ./source/TFC/TFC_CrystalClock.o
 .debug_line    0x00002f8d      0x330 ./source/TFC/TFC_LineScanCamera.o
 .debug_line    0x000032bd      0x3a4 ./source/TFC/TFC_Motor.o
 .debug_line    0x00003661      0x471 ./source/TFC/TFC_Queue.o
 .debug_line    0x00003ad2      0x395 ./source/TFC/TFC_Servo.o
 .debug_line    0x00003e67      0x5b8 ./source/TFC/TFC_Terminal.o
 .debug_line    0x0000441f      0x4c6 ./source/TFC/TFC_UART.o
 .debug_line    0x000048e5      0x29e ./source/TFC/TFC_arm_cm0.o
 .debug_line    0x00004b83      0x6e8 ./source/Ported_TFC_A.o
 .debug_line    0x0000526b       0xd1 ./source/mtb.o
 .debug_line    0x0000533c      0x4bc ./source/pid.o
 .debug_line    0x000057f8       0x59 ./source/semihost_hardfault.o
 .debug_line    0x00005851      0x3d4 ./source/tpm.o
 .debug_line    0x00005c25      0xd64 ./drivers/fsl_lpsci.o
 .debug_line    0x00006989      0xd53 ./drivers/fsl_uart.o
 .debug_line    0x000076dc      0x333 ./CMSIS/system_MKL25Z4.o

.debug_str      0x00000000    0x53b4d
 .debug_str     0x00000000     0x308f ./startup/startup_mkl25z4.o
                               0x30c4 (size before relaxing)
 .debug_str     0x0000308f    0x22092 ./source/TFC/TFC.o
                              0x25075 (size before relaxing)
 .debug_str     0x00025121      0xdd9 ./source/TFC/TFC_ADC.o
                              0x25e59 (size before relaxing)
 .debug_str     0x00025efa       0x89 ./source/TFC/TFC_ARM_SysTick.o
                              0x250b7 (size before relaxing)
 .debug_str     0x00025f83       0x96 ./source/TFC/TFC_BoardSupport.o
                              0x251d3 (size before relaxing)
 .debug_str     0x00026019    0x22fe6 ./source/TFC/TFC_CrystalClock.o
                              0x48274 (size before relaxing)
 .debug_str     0x00048fff       0x60 ./source/TFC/TFC_LineScanCamera.o
                              0x252c8 (size before relaxing)
 .debug_str     0x0004905f      0x119 ./source/TFC/TFC_Motor.o
                              0x25258 (size before relaxing)
 .debug_str     0x00049178       0xcb ./source/TFC/TFC_Queue.o
                              0x2511c (size before relaxing)
 .debug_str     0x00049243      0x12d ./source/TFC/TFC_Servo.o
                              0x254e8 (size before relaxing)
 .debug_str     0x00049370      0x21f ./source/TFC/TFC_Terminal.o
                              0x2530c (size before relaxing)
 .debug_str     0x0004958f      0x133 ./source/TFC/TFC_UART.o
                              0x25547 (size before relaxing)
 .debug_str     0x000496c2       0xe2 ./source/TFC/TFC_arm_cm0.o
                              0x244dd (size before relaxing)
 .debug_str     0x000497a4      0x28e ./source/Ported_TFC_A.o
                              0x481ce (size before relaxing)
 .debug_str     0x00049a32      0x532 ./source/mtb.o
                               0x31e4 (size before relaxing)
 .debug_str     0x00049f64      0x68a ./source/pid.o
                               0x3933 (size before relaxing)
 .debug_str     0x0004a5ee       0x1f ./source/semihost_hardfault.o
                               0x2cd1 (size before relaxing)
 .debug_str     0x0004a60d       0xb7 ./source/tpm.o
                              0x2455f (size before relaxing)
 .debug_str     0x0004a6c4     0x8adb ./drivers/fsl_lpsci.o
                              0x31788 (size before relaxing)
 .debug_str     0x0005319f      0x93d ./drivers/fsl_uart.o
                              0x317ab (size before relaxing)
 .debug_str     0x00053adc       0x71 ./CMSIS/system_MKL25Z4.o
                              0x2fb13 (size before relaxing)

.comment        0x00000000       0x49
 .comment       0x00000000       0x49 ./startup/startup_mkl25z4.o
                                 0x4a (size before relaxing)
 .comment       0x00000049       0x4a ./source/TFC/TFC.o
 .comment       0x00000049       0x4a ./source/TFC/TFC_ADC.o
 .comment       0x00000049       0x4a ./source/TFC/TFC_ARM_SysTick.o
 .comment       0x00000049       0x4a ./source/TFC/TFC_BoardSupport.o
 .comment       0x00000049       0x4a ./source/TFC/TFC_CrystalClock.o
 .comment       0x00000049       0x4a ./source/TFC/TFC_LineScanCamera.o
 .comment       0x00000049       0x4a ./source/TFC/TFC_Motor.o
 .comment       0x00000049       0x4a ./source/TFC/TFC_Queue.o
 .comment       0x00000049       0x4a ./source/TFC/TFC_Servo.o
 .comment       0x00000049       0x4a ./source/TFC/TFC_Terminal.o
 .comment       0x00000049       0x4a ./source/TFC/TFC_UART.o
 .comment       0x00000049       0x4a ./source/TFC/TFC_arm_cm0.o
 .comment       0x00000049       0x4a ./source/Ported_TFC_A.o
 .comment       0x00000049       0x4a ./source/mtb.o
 .comment       0x00000049       0x4a ./source/pid.o
 .comment       0x00000049       0x4a ./source/semihost_hardfault.o
 .comment       0x00000049       0x4a ./source/tpm.o
 .comment       0x00000049       0x4a ./drivers/fsl_lpsci.o
 .comment       0x00000049       0x4a ./drivers/fsl_uart.o
 .comment       0x00000049       0x4a ./CMSIS/system_MKL25Z4.o
 .comment       0x00000049       0x4a c:/nxp/mcuxpressoide_11.7.0_9198/ide/plugins/com.nxp.mcuxpresso.tools.win32_11.7.0.202209140929/tools/bin/../lib/gcc/arm-none-eabi/10.3.1/../../../../arm-none-eabi/lib/thumb/v6-m/nofp\libcr_nohost_nf.a(_cr__main.o)
 .comment       0x00000049       0x4a c:/nxp/mcuxpressoide_11.7.0_9198/ide/plugins/com.nxp.mcuxpresso.tools.win32_11.7.0.202209140929/tools/bin/../lib/gcc/arm-none-eabi/10.3.1/../../../../arm-none-eabi/lib/thumb/v6-m/nofp\libcr_c.a(memset.o)
 .comment       0x00000049       0x4a c:/nxp/mcuxpressoide_11.7.0_9198/ide/plugins/com.nxp.mcuxpresso.tools.win32_11.7.0.202209140929/tools/bin/../lib/gcc/arm-none-eabi/10.3.1/../../../../arm-none-eabi/lib/thumb/v6-m/nofp\libcr_c.a(alloc.o)
 .comment       0x00000049       0x4a c:/nxp/mcuxpressoide_11.7.0_9198/ide/plugins/com.nxp.mcuxpresso.tools.win32_11.7.0.202209140929/tools/bin/../lib/gcc/arm-none-eabi/10.3.1/../../../../arm-none-eabi/lib/thumb/v6-m/nofp\libcr_c.a(fabs.o)
 .comment       0x00000049       0x4a c:/nxp/mcuxpressoide_11.7.0_9198/ide/plugins/com.nxp.mcuxpresso.tools.win32_11.7.0.202209140929/tools/bin/../lib/gcc/arm-none-eabi/10.3.1/../../../../arm-none-eabi/lib/thumb/v6-m/nofp\libcr_c.a(initio.o)
 .comment       0x00000049       0x4a c:/nxp/mcuxpressoide_11.7.0_9198/ide/plugins/com.nxp.mcuxpresso.tools.win32_11.7.0.202209140929/tools/bin/../lib/gcc/arm-none-eabi/10.3.1/../../../../arm-none-eabi/lib/thumb/v6-m/nofp\libcr_c.a(printf.o)
 .comment       0x00000049       0x4a c:/nxp/mcuxpressoide_11.7.0_9198/ide/plugins/com.nxp.mcuxpresso.tools.win32_11.7.0.202209140929/tools/bin/../lib/gcc/arm-none-eabi/10.3.1/../../../../arm-none-eabi/lib/thumb/v6-m/nofp\libcr_c.a(scanf.o)
 .comment       0x00000049       0x4a c:/nxp/mcuxpressoide_11.7.0_9198/ide/plugins/com.nxp.mcuxpresso.tools.win32_11.7.0.202209140929/tools/bin/../lib/gcc/arm-none-eabi/10.3.1/../../../../arm-none-eabi/lib/thumb/v6-m/nofp\libcr_c.a(setvbuf.o)
 .comment       0x00000049       0x4a c:/nxp/mcuxpressoide_11.7.0_9198/ide/plugins/com.nxp.mcuxpresso.tools.win32_11.7.0.202209140929/tools/bin/../lib/gcc/arm-none-eabi/10.3.1/../../../../arm-none-eabi/lib/thumb/v6-m/nofp\libcr_c.a(strcmp.o)
 .comment       0x00000049       0x4a c:/nxp/mcuxpressoide_11.7.0_9198/ide/plugins/com.nxp.mcuxpresso.tools.win32_11.7.0.202209140929/tools/bin/../lib/gcc/arm-none-eabi/10.3.1/../../../../arm-none-eabi/lib/thumb/v6-m/nofp\libcr_c.a(strcpy.o)
 .comment       0x00000049       0x4a c:/nxp/mcuxpressoide_11.7.0_9198/ide/plugins/com.nxp.mcuxpresso.tools.win32_11.7.0.202209140929/tools/bin/../lib/gcc/arm-none-eabi/10.3.1/../../../../arm-none-eabi/lib/thumb/v6-m/nofp\libcr_c.a(strlen.o)
 .comment       0x00000049       0x4a c:/nxp/mcuxpressoide_11.7.0_9198/ide/plugins/com.nxp.mcuxpresso.tools.win32_11.7.0.202209140929/tools/bin/../lib/gcc/arm-none-eabi/10.3.1/../../../../arm-none-eabi/lib/thumb/v6-m/nofp\libcr_c.a(ungetc.o)
 .comment       0x00000049       0x4a c:/nxp/mcuxpressoide_11.7.0_9198/ide/plugins/com.nxp.mcuxpresso.tools.win32_11.7.0.202209140929/tools/bin/../lib/gcc/arm-none-eabi/10.3.1/../../../../arm-none-eabi/lib/thumb/v6-m/nofp\libcr_c.a(__fillbuf.o)
 .comment       0x00000049       0x4a c:/nxp/mcuxpressoide_11.7.0_9198/ide/plugins/com.nxp.mcuxpresso.tools.win32_11.7.0.202209140929/tools/bin/../lib/gcc/arm-none-eabi/10.3.1/../../../../arm-none-eabi/lib/thumb/v6-m/nofp\libcr_c.a(__init_alloc.o)
 .comment       0x00000049       0x4a c:/nxp/mcuxpressoide_11.7.0_9198/ide/plugins/com.nxp.mcuxpresso.tools.win32_11.7.0.202209140929/tools/bin/../lib/gcc/arm-none-eabi/10.3.1/../../../../arm-none-eabi/lib/thumb/v6-m/nofp\libcr_c.a(_cr_sbrk.o)
 .comment       0x00000049       0x4a c:/nxp/mcuxpressoide_11.7.0_9198/ide/plugins/com.nxp.mcuxpresso.tools.win32_11.7.0.202209140929/tools/bin/../lib/gcc/arm-none-eabi/10.3.1/../../../../arm-none-eabi/lib/thumb/v6-m/nofp\libcr_c.a(_deferredlazyseek.o)
 .comment       0x00000049       0x4a c:/nxp/mcuxpressoide_11.7.0_9198/ide/plugins/com.nxp.mcuxpresso.tools.win32_11.7.0.202209140929/tools/bin/../lib/gcc/arm-none-eabi/10.3.1/../../../../arm-none-eabi/lib/thumb/v6-m/nofp\libcr_c.a(_fdopen.o)
 .comment       0x00000049       0x4a c:/nxp/mcuxpressoide_11.7.0_9198/ide/plugins/com.nxp.mcuxpresso.tools.win32_11.7.0.202209140929/tools/bin/../lib/gcc/arm-none-eabi/10.3.1/../../../../arm-none-eabi/lib/thumb/v6-m/nofp\libcr_c.a(_fflush.o)
 .comment       0x00000049       0x4a c:/nxp/mcuxpressoide_11.7.0_9198/ide/plugins/com.nxp.mcuxpresso.tools.win32_11.7.0.202209140929/tools/bin/../lib/gcc/arm-none-eabi/10.3.1/../../../../arm-none-eabi/lib/thumb/v6-m/nofp\libcr_c.a(_frexpl.o)
 .comment       0x00000049       0x4a c:/nxp/mcuxpressoide_11.7.0_9198/ide/plugins/com.nxp.mcuxpresso.tools.win32_11.7.0.202209140929/tools/bin/../lib/gcc/arm-none-eabi/10.3.1/../../../../arm-none-eabi/lib/thumb/v6-m/nofp\libcr_c.a(_ldexpl.o)
 .comment       0x00000049       0x4a c:/nxp/mcuxpressoide_11.7.0_9198/ide/plugins/com.nxp.mcuxpresso.tools.win32_11.7.0.202209140929/tools/bin/../lib/gcc/arm-none-eabi/10.3.1/../../../../arm-none-eabi/lib/thumb/v6-m/nofp\libcr_c.a(_writebuf.o)
 .comment       0x00000049       0x4a c:/nxp/mcuxpressoide_11.7.0_9198/ide/plugins/com.nxp.mcuxpresso.tools.win32_11.7.0.202209140929/tools/bin/../lib/gcc/arm-none-eabi/10.3.1/../../../../arm-none-eabi/lib/thumb/v6-m/nofp\libcr_c.a(ctype.o)
 .comment       0x00000049       0x4a c:/nxp/mcuxpressoide_11.7.0_9198/ide/plugins/com.nxp.mcuxpresso.tools.win32_11.7.0.202209140929/tools/bin/../lib/gcc/arm-none-eabi/10.3.1/../../../../arm-none-eabi/lib/thumb/v6-m/nofp\libcr_c.a(errno.o)
 .comment       0x00000049       0x4a c:/nxp/mcuxpressoide_11.7.0_9198/ide/plugins/com.nxp.mcuxpresso.tools.win32_11.7.0.202209140929/tools/bin/../lib/gcc/arm-none-eabi/10.3.1/../../../../arm-none-eabi/lib/thumb/v6-m/nofp\libcr_c.a(fclose.o)
 .comment       0x00000049       0x4a c:/nxp/mcuxpressoide_11.7.0_9198/ide/plugins/com.nxp.mcuxpresso.tools.win32_11.7.0.202209140929/tools/bin/../lib/gcc/arm-none-eabi/10.3.1/../../../../arm-none-eabi/lib/thumb/v6-m/nofp\libcr_c.a(fflush.o)
 .comment       0x00000049       0x4a c:/nxp/mcuxpressoide_11.7.0_9198/ide/plugins/com.nxp.mcuxpresso.tools.win32_11.7.0.202209140929/tools/bin/../lib/gcc/arm-none-eabi/10.3.1/../../../../arm-none-eabi/lib/thumb/v6-m/nofp\libcr_c.a(fseek.o)
 .comment       0x00000049       0x4a c:/nxp/mcuxpressoide_11.7.0_9198/ide/plugins/com.nxp.mcuxpresso.tools.win32_11.7.0.202209140929/tools/bin/../lib/gcc/arm-none-eabi/10.3.1/../../../../arm-none-eabi/lib/thumb/v6-m/nofp\libcr_c.a(ftell.o)
 .comment       0x00000049       0x4a c:/nxp/mcuxpressoide_11.7.0_9198/ide/plugins/com.nxp.mcuxpresso.tools.win32_11.7.0.202209140929/tools/bin/../lib/gcc/arm-none-eabi/10.3.1/../../../../arm-none-eabi/lib/thumb/v6-m/nofp\libcr_c.a(remove.o)
 .comment       0x00000049       0x4a c:/nxp/mcuxpressoide_11.7.0_9198/ide/plugins/com.nxp.mcuxpresso.tools.win32_11.7.0.202209140929/tools/bin/../lib/gcc/arm-none-eabi/10.3.1/../../../../arm-none-eabi/lib/thumb/v6-m/nofp\libcr_c.a(_cr_check_heap.o)
 .comment       0x00000049       0x4a c:/nxp/mcuxpressoide_11.7.0_9198/ide/plugins/com.nxp.mcuxpresso.tools.win32_11.7.0.202209140929/tools/bin/../lib/gcc/arm-none-eabi/10.3.1/../../../../arm-none-eabi/lib/thumb/v6-m/nofp\libcr_c.a(_do_fflush.o)
 .comment       0x00000049       0x4a c:/nxp/mcuxpressoide_11.7.0_9198/ide/plugins/com.nxp.mcuxpresso.tools.win32_11.7.0.202209140929/tools/bin/../lib/gcc/arm-none-eabi/10.3.1/thumb/v6-m/nofp\libcr_eabihelpers.a(double.o)
 .comment       0x00000049       0x4a c:/nxp/mcuxpressoide_11.7.0_9198/ide/plugins/com.nxp.mcuxpresso.tools.win32_11.7.0.202209140929/tools/bin/../lib/gcc/arm-none-eabi/10.3.1/thumb/v6-m/nofp\libcr_eabihelpers.a(float.o)
 .comment       0x00000049       0x4a c:/nxp/mcuxpressoide_11.7.0_9198/ide/plugins/com.nxp.mcuxpresso.tools.win32_11.7.0.202209140929/tools/bin/../lib/gcc/arm-none-eabi/10.3.1/../../../../arm-none-eabi/lib/thumb/v6-m/nofp\libcr_nohost_nf.a(__ciob.o)
 .comment       0x00000049       0x4a c:/nxp/mcuxpressoide_11.7.0_9198/ide/plugins/com.nxp.mcuxpresso.tools.win32_11.7.0.202209140929/tools/bin/../lib/gcc/arm-none-eabi/10.3.1/../../../../arm-none-eabi/lib/thumb/v6-m/nofp\libcr_nohost_nf.a(__sys_appexit.o)
 .comment       0x00000049       0x4a c:/nxp/mcuxpressoide_11.7.0_9198/ide/plugins/com.nxp.mcuxpresso.tools.win32_11.7.0.202209140929/tools/bin/../lib/gcc/arm-none-eabi/10.3.1/../../../../arm-none-eabi/lib/thumb/v6-m/nofp\libcr_nohost_nf.a(__sys_close.o)
 .comment       0x00000049       0x4a c:/nxp/mcuxpressoide_11.7.0_9198/ide/plugins/com.nxp.mcuxpresso.tools.win32_11.7.0.202209140929/tools/bin/../lib/gcc/arm-none-eabi/10.3.1/../../../../arm-none-eabi/lib/thumb/v6-m/nofp\libcr_nohost_nf.a(__sys_flen.o)
 .comment       0x00000049       0x4a c:/nxp/mcuxpressoide_11.7.0_9198/ide/plugins/com.nxp.mcuxpresso.tools.win32_11.7.0.202209140929/tools/bin/../lib/gcc/arm-none-eabi/10.3.1/../../../../arm-none-eabi/lib/thumb/v6-m/nofp\libcr_nohost_nf.a(__sys_istty.o)
 .comment       0x00000049       0x4a c:/nxp/mcuxpressoide_11.7.0_9198/ide/plugins/com.nxp.mcuxpresso.tools.win32_11.7.0.202209140929/tools/bin/../lib/gcc/arm-none-eabi/10.3.1/../../../../arm-none-eabi/lib/thumb/v6-m/nofp\libcr_nohost_nf.a(__sys_read.o)
 .comment       0x00000049       0x4a c:/nxp/mcuxpressoide_11.7.0_9198/ide/plugins/com.nxp.mcuxpresso.tools.win32_11.7.0.202209140929/tools/bin/../lib/gcc/arm-none-eabi/10.3.1/../../../../arm-none-eabi/lib/thumb/v6-m/nofp\libcr_nohost_nf.a(__sys_readc.o)
 .comment       0x00000049       0x4a c:/nxp/mcuxpressoide_11.7.0_9198/ide/plugins/com.nxp.mcuxpresso.tools.win32_11.7.0.202209140929/tools/bin/../lib/gcc/arm-none-eabi/10.3.1/../../../../arm-none-eabi/lib/thumb/v6-m/nofp\libcr_nohost_nf.a(__sys_remove.o)
 .comment       0x00000049       0x4a c:/nxp/mcuxpressoide_11.7.0_9198/ide/plugins/com.nxp.mcuxpresso.tools.win32_11.7.0.202209140929/tools/bin/../lib/gcc/arm-none-eabi/10.3.1/../../../../arm-none-eabi/lib/thumb/v6-m/nofp\libcr_nohost_nf.a(__sys_seek.o)
 .comment       0x00000049       0x4a c:/nxp/mcuxpressoide_11.7.0_9198/ide/plugins/com.nxp.mcuxpresso.tools.win32_11.7.0.202209140929/tools/bin/../lib/gcc/arm-none-eabi/10.3.1/../../../../arm-none-eabi/lib/thumb/v6-m/nofp\libcr_nohost_nf.a(__sys_tmpnam.o)
 .comment       0x00000049       0x4a c:/nxp/mcuxpressoide_11.7.0_9198/ide/plugins/com.nxp.mcuxpresso.tools.win32_11.7.0.202209140929/tools/bin/../lib/gcc/arm-none-eabi/10.3.1/../../../../arm-none-eabi/lib/thumb/v6-m/nofp\libcr_nohost_nf.a(__sys_write.o)

.ARM.attributes
                0x00000000       0x2a
 .ARM.attributes
                0x00000000       0x2c ./startup/startup_mkl25z4.o
 .ARM.attributes
                0x0000002c       0x2c ./source/TFC/TFC.o
 .ARM.attributes
                0x00000058       0x2c ./source/TFC/TFC_ADC.o
 .ARM.attributes
                0x00000084       0x2c ./source/TFC/TFC_ARM_SysTick.o
 .ARM.attributes
                0x000000b0       0x2c ./source/TFC/TFC_BoardSupport.o
 .ARM.attributes
                0x000000dc       0x2c ./source/TFC/TFC_CrystalClock.o
 .ARM.attributes
                0x00000108       0x2c ./source/TFC/TFC_LineScanCamera.o
 .ARM.attributes
                0x00000134       0x2c ./source/TFC/TFC_Motor.o
 .ARM.attributes
                0x00000160       0x2c ./source/TFC/TFC_Queue.o
 .ARM.attributes
                0x0000018c       0x2c ./source/TFC/TFC_Servo.o
 .ARM.attributes
                0x000001b8       0x2c ./source/TFC/TFC_Terminal.o
 .ARM.attributes
                0x000001e4       0x2c ./source/TFC/TFC_UART.o
 .ARM.attributes
                0x00000210       0x2c ./source/TFC/TFC_arm_cm0.o
 .ARM.attributes
                0x0000023c       0x2c ./source/Ported_TFC_A.o
 .ARM.attributes
                0x00000268       0x2c ./source/mtb.o
 .ARM.attributes
                0x00000294       0x2c ./source/pid.o
 .ARM.attributes
                0x000002c0       0x2c ./source/semihost_hardfault.o
 .ARM.attributes
                0x000002ec       0x2c ./source/tpm.o
 .ARM.attributes
                0x00000318       0x2c ./drivers/fsl_lpsci.o
 .ARM.attributes
                0x00000344       0x2c ./drivers/fsl_uart.o
 .ARM.attributes
                0x00000370       0x2c ./CMSIS/system_MKL25Z4.o
 .ARM.attributes
                0x0000039c       0x2c c:/nxp/mcuxpressoide_11.7.0_9198/ide/plugins/com.nxp.mcuxpresso.tools.win32_11.7.0.202209140929/tools/bin/../lib/gcc/arm-none-eabi/10.3.1/../../../../arm-none-eabi/lib/thumb/v6-m/nofp\libcr_nohost_nf.a(_cr__main.o)
 .ARM.attributes
                0x000003c8       0x2c c:/nxp/mcuxpressoide_11.7.0_9198/ide/plugins/com.nxp.mcuxpresso.tools.win32_11.7.0.202209140929/tools/bin/../lib/gcc/arm-none-eabi/10.3.1/../../../../arm-none-eabi/lib/thumb/v6-m/nofp\libcr_c.a(memset.o)
 .ARM.attributes
                0x000003f4       0x2c c:/nxp/mcuxpressoide_11.7.0_9198/ide/plugins/com.nxp.mcuxpresso.tools.win32_11.7.0.202209140929/tools/bin/../lib/gcc/arm-none-eabi/10.3.1/../../../../arm-none-eabi/lib/thumb/v6-m/nofp\libcr_c.a(alloc.o)
 .ARM.attributes
                0x00000420       0x2c c:/nxp/mcuxpressoide_11.7.0_9198/ide/plugins/com.nxp.mcuxpresso.tools.win32_11.7.0.202209140929/tools/bin/../lib/gcc/arm-none-eabi/10.3.1/../../../../arm-none-eabi/lib/thumb/v6-m/nofp\libcr_c.a(fabs.o)
 .ARM.attributes
                0x0000044c       0x2c c:/nxp/mcuxpressoide_11.7.0_9198/ide/plugins/com.nxp.mcuxpresso.tools.win32_11.7.0.202209140929/tools/bin/../lib/gcc/arm-none-eabi/10.3.1/../../../../arm-none-eabi/lib/thumb/v6-m/nofp\libcr_c.a(initio.o)
 .ARM.attributes
                0x00000478       0x2c c:/nxp/mcuxpressoide_11.7.0_9198/ide/plugins/com.nxp.mcuxpresso.tools.win32_11.7.0.202209140929/tools/bin/../lib/gcc/arm-none-eabi/10.3.1/../../../../arm-none-eabi/lib/thumb/v6-m/nofp\libcr_c.a(printf.o)
 .ARM.attributes
                0x000004a4       0x2c c:/nxp/mcuxpressoide_11.7.0_9198/ide/plugins/com.nxp.mcuxpresso.tools.win32_11.7.0.202209140929/tools/bin/../lib/gcc/arm-none-eabi/10.3.1/../../../../arm-none-eabi/lib/thumb/v6-m/nofp\libcr_c.a(scanf.o)
 .ARM.attributes
                0x000004d0       0x2c c:/nxp/mcuxpressoide_11.7.0_9198/ide/plugins/com.nxp.mcuxpresso.tools.win32_11.7.0.202209140929/tools/bin/../lib/gcc/arm-none-eabi/10.3.1/../../../../arm-none-eabi/lib/thumb/v6-m/nofp\libcr_c.a(setvbuf.o)
 .ARM.attributes
                0x000004fc       0x2c c:/nxp/mcuxpressoide_11.7.0_9198/ide/plugins/com.nxp.mcuxpresso.tools.win32_11.7.0.202209140929/tools/bin/../lib/gcc/arm-none-eabi/10.3.1/../../../../arm-none-eabi/lib/thumb/v6-m/nofp\libcr_c.a(strcmp.o)
 .ARM.attributes
                0x00000528       0x2c c:/nxp/mcuxpressoide_11.7.0_9198/ide/plugins/com.nxp.mcuxpresso.tools.win32_11.7.0.202209140929/tools/bin/../lib/gcc/arm-none-eabi/10.3.1/../../../../arm-none-eabi/lib/thumb/v6-m/nofp\libcr_c.a(strcpy.o)
 .ARM.attributes
                0x00000554       0x2c c:/nxp/mcuxpressoide_11.7.0_9198/ide/plugins/com.nxp.mcuxpresso.tools.win32_11.7.0.202209140929/tools/bin/../lib/gcc/arm-none-eabi/10.3.1/../../../../arm-none-eabi/lib/thumb/v6-m/nofp\libcr_c.a(strlen.o)
 .ARM.attributes
                0x00000580       0x2c c:/nxp/mcuxpressoide_11.7.0_9198/ide/plugins/com.nxp.mcuxpresso.tools.win32_11.7.0.202209140929/tools/bin/../lib/gcc/arm-none-eabi/10.3.1/../../../../arm-none-eabi/lib/thumb/v6-m/nofp\libcr_c.a(ungetc.o)
 .ARM.attributes
                0x000005ac       0x2c c:/nxp/mcuxpressoide_11.7.0_9198/ide/plugins/com.nxp.mcuxpresso.tools.win32_11.7.0.202209140929/tools/bin/../lib/gcc/arm-none-eabi/10.3.1/../../../../arm-none-eabi/lib/thumb/v6-m/nofp\libcr_c.a(__fillbuf.o)
 .ARM.attributes
                0x000005d8       0x2c c:/nxp/mcuxpressoide_11.7.0_9198/ide/plugins/com.nxp.mcuxpresso.tools.win32_11.7.0.202209140929/tools/bin/../lib/gcc/arm-none-eabi/10.3.1/../../../../arm-none-eabi/lib/thumb/v6-m/nofp\libcr_c.a(__init_alloc.o)
 .ARM.attributes
                0x00000604       0x2c c:/nxp/mcuxpressoide_11.7.0_9198/ide/plugins/com.nxp.mcuxpresso.tools.win32_11.7.0.202209140929/tools/bin/../lib/gcc/arm-none-eabi/10.3.1/../../../../arm-none-eabi/lib/thumb/v6-m/nofp\libcr_c.a(_cr_sbrk.o)
 .ARM.attributes
                0x00000630       0x2c c:/nxp/mcuxpressoide_11.7.0_9198/ide/plugins/com.nxp.mcuxpresso.tools.win32_11.7.0.202209140929/tools/bin/../lib/gcc/arm-none-eabi/10.3.1/../../../../arm-none-eabi/lib/thumb/v6-m/nofp\libcr_c.a(_deferredlazyseek.o)
 .ARM.attributes
                0x0000065c       0x2c c:/nxp/mcuxpressoide_11.7.0_9198/ide/plugins/com.nxp.mcuxpresso.tools.win32_11.7.0.202209140929/tools/bin/../lib/gcc/arm-none-eabi/10.3.1/../../../../arm-none-eabi/lib/thumb/v6-m/nofp\libcr_c.a(_fdopen.o)
 .ARM.attributes
                0x00000688       0x2c c:/nxp/mcuxpressoide_11.7.0_9198/ide/plugins/com.nxp.mcuxpresso.tools.win32_11.7.0.202209140929/tools/bin/../lib/gcc/arm-none-eabi/10.3.1/../../../../arm-none-eabi/lib/thumb/v6-m/nofp\libcr_c.a(_fflush.o)
 .ARM.attributes
                0x000006b4       0x2c c:/nxp/mcuxpressoide_11.7.0_9198/ide/plugins/com.nxp.mcuxpresso.tools.win32_11.7.0.202209140929/tools/bin/../lib/gcc/arm-none-eabi/10.3.1/../../../../arm-none-eabi/lib/thumb/v6-m/nofp\libcr_c.a(_frexpl.o)
 .ARM.attributes
                0x000006e0       0x2c c:/nxp/mcuxpressoide_11.7.0_9198/ide/plugins/com.nxp.mcuxpresso.tools.win32_11.7.0.202209140929/tools/bin/../lib/gcc/arm-none-eabi/10.3.1/../../../../arm-none-eabi/lib/thumb/v6-m/nofp\libcr_c.a(_ldexpl.o)
 .ARM.attributes
                0x0000070c       0x2c c:/nxp/mcuxpressoide_11.7.0_9198/ide/plugins/com.nxp.mcuxpresso.tools.win32_11.7.0.202209140929/tools/bin/../lib/gcc/arm-none-eabi/10.3.1/../../../../arm-none-eabi/lib/thumb/v6-m/nofp\libcr_c.a(_writebuf.o)
 .ARM.attributes
                0x00000738       0x2c c:/nxp/mcuxpressoide_11.7.0_9198/ide/plugins/com.nxp.mcuxpresso.tools.win32_11.7.0.202209140929/tools/bin/../lib/gcc/arm-none-eabi/10.3.1/../../../../arm-none-eabi/lib/thumb/v6-m/nofp\libcr_c.a(ctype.o)
 .ARM.attributes
                0x00000764       0x2c c:/nxp/mcuxpressoide_11.7.0_9198/ide/plugins/com.nxp.mcuxpresso.tools.win32_11.7.0.202209140929/tools/bin/../lib/gcc/arm-none-eabi/10.3.1/../../../../arm-none-eabi/lib/thumb/v6-m/nofp\libcr_c.a(errno.o)
 .ARM.attributes
                0x00000790       0x2c c:/nxp/mcuxpressoide_11.7.0_9198/ide/plugins/com.nxp.mcuxpresso.tools.win32_11.7.0.202209140929/tools/bin/../lib/gcc/arm-none-eabi/10.3.1/../../../../arm-none-eabi/lib/thumb/v6-m/nofp\libcr_c.a(fclose.o)
 .ARM.attributes
                0x000007bc       0x2c c:/nxp/mcuxpressoide_11.7.0_9198/ide/plugins/com.nxp.mcuxpresso.tools.win32_11.7.0.202209140929/tools/bin/../lib/gcc/arm-none-eabi/10.3.1/../../../../arm-none-eabi/lib/thumb/v6-m/nofp\libcr_c.a(fflush.o)
 .ARM.attributes
                0x000007e8       0x2c c:/nxp/mcuxpressoide_11.7.0_9198/ide/plugins/com.nxp.mcuxpresso.tools.win32_11.7.0.202209140929/tools/bin/../lib/gcc/arm-none-eabi/10.3.1/../../../../arm-none-eabi/lib/thumb/v6-m/nofp\libcr_c.a(fseek.o)
 .ARM.attributes
                0x00000814       0x2c c:/nxp/mcuxpressoide_11.7.0_9198/ide/plugins/com.nxp.mcuxpresso.tools.win32_11.7.0.202209140929/tools/bin/../lib/gcc/arm-none-eabi/10.3.1/../../../../arm-none-eabi/lib/thumb/v6-m/nofp\libcr_c.a(ftell.o)
 .ARM.attributes
                0x00000840       0x2c c:/nxp/mcuxpressoide_11.7.0_9198/ide/plugins/com.nxp.mcuxpresso.tools.win32_11.7.0.202209140929/tools/bin/../lib/gcc/arm-none-eabi/10.3.1/../../../../arm-none-eabi/lib/thumb/v6-m/nofp\libcr_c.a(remove.o)
 .ARM.attributes
                0x0000086c       0x2c c:/nxp/mcuxpressoide_11.7.0_9198/ide/plugins/com.nxp.mcuxpresso.tools.win32_11.7.0.202209140929/tools/bin/../lib/gcc/arm-none-eabi/10.3.1/../../../../arm-none-eabi/lib/thumb/v6-m/nofp\libcr_c.a(_cr_check_heap.o)
 .ARM.attributes
                0x00000898       0x2c c:/nxp/mcuxpressoide_11.7.0_9198/ide/plugins/com.nxp.mcuxpresso.tools.win32_11.7.0.202209140929/tools/bin/../lib/gcc/arm-none-eabi/10.3.1/../../../../arm-none-eabi/lib/thumb/v6-m/nofp\libcr_c.a(_do_fflush.o)
 .ARM.attributes
                0x000008c4       0x1c c:/nxp/mcuxpressoide_11.7.0_9198/ide/plugins/com.nxp.mcuxpresso.tools.win32_11.7.0.202209140929/tools/bin/../lib/gcc/arm-none-eabi/10.3.1/thumb/v6-m/nofp\libcr_eabihelpers.a(division_32.o)
 .ARM.attributes
                0x000008e0       0x1c c:/nxp/mcuxpressoide_11.7.0_9198/ide/plugins/com.nxp.mcuxpresso.tools.win32_11.7.0.202209140929/tools/bin/../lib/gcc/arm-none-eabi/10.3.1/thumb/v6-m/nofp\libcr_eabihelpers.a(division_idiv0.o)
 .ARM.attributes
                0x000008fc       0x2c c:/nxp/mcuxpressoide_11.7.0_9198/ide/plugins/com.nxp.mcuxpresso.tools.win32_11.7.0.202209140929/tools/bin/../lib/gcc/arm-none-eabi/10.3.1/thumb/v6-m/nofp\libcr_eabihelpers.a(double.o)
 .ARM.attributes
                0x00000928       0x2c c:/nxp/mcuxpressoide_11.7.0_9198/ide/plugins/com.nxp.mcuxpresso.tools.win32_11.7.0.202209140929/tools/bin/../lib/gcc/arm-none-eabi/10.3.1/thumb/v6-m/nofp\libcr_eabihelpers.a(float.o)
 .ARM.attributes
                0x00000954       0x1c c:/nxp/mcuxpressoide_11.7.0_9198/ide/plugins/com.nxp.mcuxpresso.tools.win32_11.7.0.202209140929/tools/bin/../lib/gcc/arm-none-eabi/10.3.1/thumb/v6-m/nofp\libcr_eabihelpers.a(llong.o)
 .ARM.attributes
                0x00000970       0x1c c:/nxp/mcuxpressoide_11.7.0_9198/ide/plugins/com.nxp.mcuxpresso.tools.win32_11.7.0.202209140929/tools/bin/../lib/gcc/arm-none-eabi/10.3.1/thumb/v6-m/nofp\libcr_eabihelpers.a(memcpy.o)
 .ARM.attributes
                0x0000098c       0x1c c:/nxp/mcuxpressoide_11.7.0_9198/ide/plugins/com.nxp.mcuxpresso.tools.win32_11.7.0.202209140929/tools/bin/../lib/gcc/arm-none-eabi/10.3.1/thumb/v6-m/nofp\libcr_eabihelpers.a(thumb1_switch_helpers.o)
 .ARM.attributes
                0x000009a8       0x2c c:/nxp/mcuxpressoide_11.7.0_9198/ide/plugins/com.nxp.mcuxpresso.tools.win32_11.7.0.202209140929/tools/bin/../lib/gcc/arm-none-eabi/10.3.1/../../../../arm-none-eabi/lib/thumb/v6-m/nofp\libcr_nohost_nf.a(__ciob.o)
 .ARM.attributes
                0x000009d4       0x2c c:/nxp/mcuxpressoide_11.7.0_9198/ide/plugins/com.nxp.mcuxpresso.tools.win32_11.7.0.202209140929/tools/bin/../lib/gcc/arm-none-eabi/10.3.1/../../../../arm-none-eabi/lib/thumb/v6-m/nofp\libcr_nohost_nf.a(__sys_appexit.o)
 .ARM.attributes
                0x00000a00       0x2c c:/nxp/mcuxpressoide_11.7.0_9198/ide/plugins/com.nxp.mcuxpresso.tools.win32_11.7.0.202209140929/tools/bin/../lib/gcc/arm-none-eabi/10.3.1/../../../../arm-none-eabi/lib/thumb/v6-m/nofp\libcr_nohost_nf.a(__sys_close.o)
 .ARM.attributes
                0x00000a2c       0x2c c:/nxp/mcuxpressoide_11.7.0_9198/ide/plugins/com.nxp.mcuxpresso.tools.win32_11.7.0.202209140929/tools/bin/../lib/gcc/arm-none-eabi/10.3.1/../../../../arm-none-eabi/lib/thumb/v6-m/nofp\libcr_nohost_nf.a(__sys_flen.o)
 .ARM.attributes
                0x00000a58       0x2c c:/nxp/mcuxpressoide_11.7.0_9198/ide/plugins/com.nxp.mcuxpresso.tools.win32_11.7.0.202209140929/tools/bin/../lib/gcc/arm-none-eabi/10.3.1/../../../../arm-none-eabi/lib/thumb/v6-m/nofp\libcr_nohost_nf.a(__sys_istty.o)
 .ARM.attributes
                0x00000a84       0x2c c:/nxp/mcuxpressoide_11.7.0_9198/ide/plugins/com.nxp.mcuxpresso.tools.win32_11.7.0.202209140929/tools/bin/../lib/gcc/arm-none-eabi/10.3.1/../../../../arm-none-eabi/lib/thumb/v6-m/nofp\libcr_nohost_nf.a(__sys_read.o)
 .ARM.attributes
                0x00000ab0       0x2c c:/nxp/mcuxpressoide_11.7.0_9198/ide/plugins/com.nxp.mcuxpresso.tools.win32_11.7.0.202209140929/tools/bin/../lib/gcc/arm-none-eabi/10.3.1/../../../../arm-none-eabi/lib/thumb/v6-m/nofp\libcr_nohost_nf.a(__sys_readc.o)
 .ARM.attributes
                0x00000adc       0x2c c:/nxp/mcuxpressoide_11.7.0_9198/ide/plugins/com.nxp.mcuxpresso.tools.win32_11.7.0.202209140929/tools/bin/../lib/gcc/arm-none-eabi/10.3.1/../../../../arm-none-eabi/lib/thumb/v6-m/nofp\libcr_nohost_nf.a(__sys_remove.o)
 .ARM.attributes
                0x00000b08       0x2c c:/nxp/mcuxpressoide_11.7.0_9198/ide/plugins/com.nxp.mcuxpresso.tools.win32_11.7.0.202209140929/tools/bin/../lib/gcc/arm-none-eabi/10.3.1/../../../../arm-none-eabi/lib/thumb/v6-m/nofp\libcr_nohost_nf.a(__sys_seek.o)
 .ARM.attributes
                0x00000b34       0x2c c:/nxp/mcuxpressoide_11.7.0_9198/ide/plugins/com.nxp.mcuxpresso.tools.win32_11.7.0.202209140929/tools/bin/../lib/gcc/arm-none-eabi/10.3.1/../../../../arm-none-eabi/lib/thumb/v6-m/nofp\libcr_nohost_nf.a(__sys_tmpnam.o)
 .ARM.attributes
                0x00000b60       0x2c c:/nxp/mcuxpressoide_11.7.0_9198/ide/plugins/com.nxp.mcuxpresso.tools.win32_11.7.0.202209140929/tools/bin/../lib/gcc/arm-none-eabi/10.3.1/../../../../arm-none-eabi/lib/thumb/v6-m/nofp\libcr_nohost_nf.a(__sys_write.o)

.debug_frame    0x00000000     0x1a6c
 .debug_frame   0x00000000      0x3b0 ./startup/startup_mkl25z4.o
 .debug_frame   0x000003b0       0x48 ./source/TFC/TFC.o
 .debug_frame   0x000003f8      0x124 ./source/TFC/TFC_ADC.o
 .debug_frame   0x0000051c       0x70 ./source/TFC/TFC_ARM_SysTick.o
 .debug_frame   0x0000058c       0x6c ./source/TFC/TFC_BoardSupport.o
 .debug_frame   0x000005f8      0x390 ./source/TFC/TFC_CrystalClock.o
 .debug_frame   0x00000988       0x4c ./source/TFC/TFC_LineScanCamera.o
 .debug_frame   0x000009d4       0x4c ./source/TFC/TFC_Motor.o