../source/TFC/TFC_Terminal.c:53:6:TerminalBootMsg	8	static
../source/TFC/TFC_Terminal.c:65:6:TFC_InitTerminal	8	static
../source/TFC/TFC_Terminal.c:72:6:TerminalCmd_Help	32	static
../source/TFC/TFC_Terminal.c:87:6:TerminalCmd_Reboot	16	static
../source/TFC/TFC_Terminal.c:94:6:TerminalCmd_E	16	static
../source/TFC/TFC_Terminal.c:100:6:TerminalCmd_D	16	static
../source/TFC/TFC_Terminal.c:107:6:TerminalCmd_GetLineScan	32	static
../source/TFC/TFC_Terminal.c:136:6:TerminalCmd_S	32	static
../source/TFC/TFC_Terminal.c:155:6:TerminalCmd_H	32	static
../source/TFC/TFC_Terminal.c:177:6:TFC_ProcessTerminal	16	static
