../source/TFC/TFC_CrystalClock.c:105:6:TFC_InitClock	16	static
../source/TFC/TFC_CrystalClock.c:182:5:pll_init	40	static
../source/TFC/TFC_CrystalClock.c:344:5:pee_pbe	24	static
../source/TFC/TFC_CrystalClock.c:373:5:pbe_pee	24	static
../source/TFC/TFC_CrystalClock.c:417:5:pbe_fbe	24	static
../source/TFC/TFC_CrystalClock.c:464:5:fbe_pbe	32	static
../source/TFC/TFC_CrystalClock.c:528:5:pbe_blpe	16	static
../source/TFC/TFC_CrystalClock.c:552:5:blpe_pbe	24	static
../source/TFC/TFC_CrystalClock.c:615:5:blpe_fbe	24	static
../source/TFC/TFC_CrystalClock.c:643:5:fbe_blpe	16	static
../source/TFC/TFC_CrystalClock.c:662:5:fbe_fei	32	static
../source/TFC/TFC_CrystalClock.c:733:5:fei_fbe	24	static
../source/TFC/TFC_CrystalClock.c:832:5:fbe_fee	24	static
../source/TFC/TFC_CrystalClock.c:875:5:fee_fbe	24	static
../source/TFC/TFC_CrystalClock.c:903:5:fbe_fbi	24	static
../source/TFC/TFC_CrystalClock.c:993:5:fbi_fbe	24	static
../source/TFC/TFC_CrystalClock.c:1109:5:fbi_blpi	24	static
../source/TFC/TFC_CrystalClock.c:1154:5:blpi_fbi	24	static
../source/TFC/TFC_CrystalClock.c:1182:5:fbi_fee	32	static
../source/TFC/TFC_CrystalClock.c:1298:5:fee_fbi	24	static
../source/TFC/TFC_CrystalClock.c:1382:5:fbi_fei	32	static
../source/TFC/TFC_CrystalClock.c:1433:5:fei_fbi	24	static
../source/TFC/TFC_CrystalClock.c:1529:5:fei_fee	32	static
../source/TFC/TFC_CrystalClock.c:1637:5:fee_fei	24	static
../source/TFC/TFC_CrystalClock.c:1679:15:atc	56	static
../source/TFC/TFC_CrystalClock.c:1790:5:fll_freq	24	static
../source/TFC/TFC_CrystalClock.c:1856:15:what_mcg_mode	8	static
../source/TFC/TFC_CrystalClock.c:1938:6:clk_monitor_0	16	static
